Archive member included to satisfy reference by file (symbol)

/opt/st/stm32cubeide_1.13.2/plugins/com.st.stm32cube.ide.mcu.externaltools.gnu-tools-for-stm32.11.3.rel1.linux64_1.1.1.202309131626/tools/bin/../lib/gcc/arm-none-eabi/11.3.1/../../../../arm-none-eabi/lib/thumb/v6-m/nofp/libc_nano.a(libc_a-atoi.o)
                              ./Core/Src/main.o (atoi)
/opt/st/stm32cubeide_1.13.2/plugins/com.st.stm32cube.ide.mcu.externaltools.gnu-tools-for-stm32.11.3.rel1.linux64_1.1.1.202309131626/tools/bin/../lib/gcc/arm-none-eabi/11.3.1/../../../../arm-none-eabi/lib/thumb/v6-m/nofp/libc_nano.a(libc_a-exit.o)
                              /opt/st/stm32cubeide_1.13.2/plugins/com.st.stm32cube.ide.mcu.externaltools.gnu-tools-for-stm32.11.3.rel1.linux64_1.1.1.202309131626/tools/bin/../lib/gcc/arm-none-eabi/11.3.1/../../../../arm-none-eabi/lib/thumb/v6-m/nofp/crt0.o (exit)
/opt/st/stm32cubeide_1.13.2/plugins/com.st.stm32cube.ide.mcu.externaltools.gnu-tools-for-stm32.11.3.rel1.linux64_1.1.1.202309131626/tools/bin/../lib/gcc/arm-none-eabi/11.3.1/../../../../arm-none-eabi/lib/thumb/v6-m/nofp/libc_nano.a(libc_a-strtol.o)
                              /opt/st/stm32cubeide_1.13.2/plugins/com.st.stm32cube.ide.mcu.externaltools.gnu-tools-for-stm32.11.3.rel1.linux64_1.1.1.202309131626/tools/bin/../lib/gcc/arm-none-eabi/11.3.1/../../../../arm-none-eabi/lib/thumb/v6-m/nofp/libc_nano.a(libc_a-atoi.o) (_strtol_r)
/opt/st/stm32cubeide_1.13.2/plugins/com.st.stm32cube.ide.mcu.externaltools.gnu-tools-for-stm32.11.3.rel1.linux64_1.1.1.202309131626/tools/bin/../lib/gcc/arm-none-eabi/11.3.1/../../../../arm-none-eabi/lib/thumb/v6-m/nofp/libc_nano.a(libc_a-ctype_.o)
                              /opt/st/stm32cubeide_1.13.2/plugins/com.st.stm32cube.ide.mcu.externaltools.gnu-tools-for-stm32.11.3.rel1.linux64_1.1.1.202309131626/tools/bin/../lib/gcc/arm-none-eabi/11.3.1/../../../../arm-none-eabi/lib/thumb/v6-m/nofp/libc_nano.a(libc_a-strtol.o) (_ctype_)
/opt/st/stm32cubeide_1.13.2/plugins/com.st.stm32cube.ide.mcu.externaltools.gnu-tools-for-stm32.11.3.rel1.linux64_1.1.1.202309131626/tools/bin/../lib/gcc/arm-none-eabi/11.3.1/../../../../arm-none-eabi/lib/thumb/v6-m/nofp/libc_nano.a(libc_a-nano-vfprintf_float.o)
                              (_printf_float)
/opt/st/stm32cubeide_1.13.2/plugins/com.st.stm32cube.ide.mcu.externaltools.gnu-tools-for-stm32.11.3.rel1.linux64_1.1.1.202309131626/tools/bin/../lib/gcc/arm-none-eabi/11.3.1/../../../../arm-none-eabi/lib/thumb/v6-m/nofp/libc_nano.a(libc_a-nano-vfprintf_i.o)
                              /opt/st/stm32cubeide_1.13.2/plugins/com.st.stm32cube.ide.mcu.externaltools.gnu-tools-for-stm32.11.3.rel1.linux64_1.1.1.202309131626/tools/bin/../lib/gcc/arm-none-eabi/11.3.1/../../../../arm-none-eabi/lib/thumb/v6-m/nofp/libc_nano.a(libc_a-nano-vfprintf_float.o) (_printf_common)
/opt/st/stm32cubeide_1.13.2/plugins/com.st.stm32cube.ide.mcu.externaltools.gnu-tools-for-stm32.11.3.rel1.linux64_1.1.1.202309131626/tools/bin/../lib/gcc/arm-none-eabi/11.3.1/../../../../arm-none-eabi/lib/thumb/v6-m/nofp/libc_nano.a(libc_a-nano-vfscanf_float.o)
                              (_scanf_float)
/opt/st/stm32cubeide_1.13.2/plugins/com.st.stm32cube.ide.mcu.externaltools.gnu-tools-for-stm32.11.3.rel1.linux64_1.1.1.202309131626/tools/bin/../lib/gcc/arm-none-eabi/11.3.1/../../../../arm-none-eabi/lib/thumb/v6-m/nofp/libc_nano.a(libc_a-findfp.o)
                              /opt/st/stm32cubeide_1.13.2/plugins/com.st.stm32cube.ide.mcu.externaltools.gnu-tools-for-stm32.11.3.rel1.linux64_1.1.1.202309131626/tools/bin/../lib/gcc/arm-none-eabi/11.3.1/../../../../arm-none-eabi/lib/thumb/v6-m/nofp/libc_nano.a(libc_a-exit.o) (__stdio_exit_handler)
/opt/st/stm32cubeide_1.13.2/plugins/com.st.stm32cube.ide.mcu.externaltools.gnu-tools-for-stm32.11.3.rel1.linux64_1.1.1.202309131626/tools/bin/../lib/gcc/arm-none-eabi/11.3.1/../../../../arm-none-eabi/lib/thumb/v6-m/nofp/libc_nano.a(libc_a-fwalk.o)
                              /opt/st/stm32cubeide_1.13.2/plugins/com.st.stm32cube.ide.mcu.externaltools.gnu-tools-for-stm32.11.3.rel1.linux64_1.1.1.202309131626/tools/bin/../lib/gcc/arm-none-eabi/11.3.1/../../../../arm-none-eabi/lib/thumb/v6-m/nofp/libc_nano.a(libc_a-findfp.o) (_fwalk_sglue)
/opt/st/stm32cubeide_1.13.2/plugins/com.st.stm32cube.ide.mcu.externaltools.gnu-tools-for-stm32.11.3.rel1.linux64_1.1.1.202309131626/tools/bin/../lib/gcc/arm-none-eabi/11.3.1/../../../../arm-none-eabi/lib/thumb/v6-m/nofp/libc_nano.a(libc_a-sprintf.o)
                              ./Core/Src/main.o (sprintf)
/opt/st/stm32cubeide_1.13.2/plugins/com.st.stm32cube.ide.mcu.externaltools.gnu-tools-for-stm32.11.3.rel1.linux64_1.1.1.202309131626/tools/bin/../lib/gcc/arm-none-eabi/11.3.1/../../../../arm-none-eabi/lib/thumb/v6-m/nofp/libc_nano.a(libc_a-stdio.o)
[...]
Memory Configuration

Name             Origin             Length             Attributes
RAM              0x0000000020000000 0x0000000000005000 xrw
FLASH            0x0000000008000000 0x0000000000020000 xr
*default*        0x0000000000000000 0xffffffffffffffff

Linker script and memory map

LOAD /opt/st/stm32cubeide_1.13.2/plugins/com.st.stm32cube.ide.mcu.externaltools.gnu-tools-for-stm32.11.3.rel1.linux64_1.1.1.202309131626/tools/bin/../lib/gcc/arm-none-eabi/11.3.1/thumb/v6-m/nofp/crti.o
LOAD /opt/st/stm32cubeide_1.13.2/plugins/com.st.stm32cube.ide.mcu.externaltools.gnu-tools-for-stm32.11.3.rel1.linux64_1.1.1.202309131626/tools/bin/../lib/gcc/arm-none-eabi/11.3.1/thumb/v6-m/nofp/crtbegin.o
LOAD /opt/st/stm32cubeide_1.13.2/plugins/com.st.stm32cube.ide.mcu.externaltools.gnu-tools-for-stm32.11.3.rel1.linux64_1.1.1.202309131626/tools/bin/../lib/gcc/arm-none-eabi/11.3.1/../../../../arm-none-eabi/lib/thumb/v6-m/nofp/crt0.o
LOAD ./Core/Src/main.o
LOAD ./Core/Src/stm32l0xx_hal_msp.o
LOAD ./Core/Src/stm32l0xx_it.o
LOAD ./Core/Src/syscalls.o
LOAD ./Core/Src/sysmem.o
LOAD ./Core/Src/system_stm32l0xx.o
LOAD ./Core/Startup/startup_stm32l071rbtx.o
LOAD ./Drivers/STM32L0xx_HAL_Driver/Src/stm32l0xx_hal.o
LOAD ./Drivers/STM32L0xx_HAL_Driver/Src/stm32l0xx_hal_adc.o
LOAD ./Drivers/STM32L0xx_HAL_Driver/Src/stm32l0xx_hal_adc_ex.o
LOAD ./Drivers/STM32L0xx_HAL_Driver/Src/stm32l0xx_hal_cortex.o
LOAD ./Drivers/STM32L0xx_HAL_Driver/Src/stm32l0xx_hal_dma.o
LOAD ./Drivers/STM32L0xx_HAL_Driver/Src/stm32l0xx_hal_exti.o
LOAD ./Drivers/STM32L0xx_HAL_Driver/Src/stm32l0xx_hal_flash.o
LOAD ./Drivers/STM32L0xx_HAL_Driver/Src/stm32l0xx_hal_flash_ex.o
LOAD ./Drivers/STM32L0xx_HAL_Driver/Src/stm32l0xx_hal_flash_ramfunc.o
LOAD ./Drivers/STM32L0xx_HAL_Driver/Src/stm32l0xx_hal_gpio.o
LOAD ./Drivers/STM32L0xx_HAL_Driver/Src/stm32l0xx_hal_i2c.o
LOAD ./Drivers/STM32L0xx_HAL_Driver/Src/stm32l0xx_hal_i2c_ex.o
LOAD ./Drivers/STM32L0xx_HAL_Driver/Src/stm32l0xx_hal_pwr.o
LOAD ./Drivers/STM32L0xx_HAL_Driver/Src/stm32l0xx_hal_pwr_ex.o
LOAD ./Drivers/STM32L0xx_HAL_Driver/Src/stm32l0xx_hal_rcc.o
LOAD ./Drivers/STM32L0xx_HAL_Driver/Src/stm32l0xx_hal_rcc_ex.o
LOAD ./Drivers/STM32L0xx_HAL_Driver/Src/stm32l0xx_hal_tim.o
LOAD ./Drivers/STM32L0xx_HAL_Driver/Src/stm32l0xx_hal_tim_ex.o
LOAD ./Drivers/STM32L0xx_HAL_Driver/Src/stm32l0xx_hal_uart.o
LOAD ./Drivers/STM32L0xx_HAL_Driver/Src/stm32l0xx_hal_uart_ex.o
START GROUP
LOAD /opt/st/stm32cubeide_1.13.2/plugins/com.st.stm32cube.ide.mcu.externaltools.gnu-tools-for-stm32.11.3.rel1.linux64_1.1.1.202309131626/tools/bin/../lib/gcc/arm-none-eabi/11.3.1/../../../../arm-none-eabi/lib/thumb/v6-m/nofp/libc_nano.a
LOAD /opt/st/stm32cubeide_1.13.2/plugins/com.st.stm32cube.ide.mcu.externaltools.gnu-tools-for-stm32.11.3.rel1.linux64_1.1.1.202309131626/tools/bin/../lib/gcc/arm-none-eabi/11.3.1/../../../../arm-none-eabi/lib/thumb/v6-m/nofp/libm.a
END GROUP
START GROUP
LOAD /opt/st/stm32cubeide_1.13.2/plugins/com.st.stm32cube.ide.mcu.externaltools.gnu-tools-for-stm32.11.3.rel1.linux64_1.1.1.202309131626/tools/bin/../lib/gcc/arm-none-eabi/11.3.1/thumb/v6-m/nofp/libgcc.a
LOAD /opt/st/stm32cubeide_1.13.2/plugins/com.st.stm32cube.ide.mcu.externaltools.gnu-tools-for-stm32.11.3.rel1.linux64_1.1.1.202309131626/tools/bin/../lib/gcc/arm-none-eabi/11.3.1/../../../../arm-none-eabi/lib/thumb/v6-m/nofp/libc_nano.a
END GROUP
START GROUP
LOAD /opt/st/stm32cubeide_1.13.2/plugins/com.st.stm32cube.ide.mcu.externaltools.gnu-tools-for-stm32.11.3.rel1.linux64_1.1.1.202309131626/tools/bin/../lib/gcc/arm-none-eabi/11.3.1/thumb/v6-m/nofp/libgcc.a
LOAD /opt/st/stm32cubeide_1.13.2/plugins/com.st.stm32cube.ide.mcu.externaltools.gnu-tools-for-stm32.11.3.rel1.linux64_1.1.1.202309131626/tools/bin/../lib/gcc/arm-none-eabi/11.3.1/../../../../arm-none-eabi/lib/thumb/v6-m/nofp/libc_nano.a
LOAD /opt/st/stm32cubeide_1.13.2/plugins/com.st.stm32cube.ide.mcu.externaltools.gnu-tools-for-stm32.11.3.rel1.linux64_1.1.1.202309131626/tools/bin/../lib/gcc/arm-none-eabi/11.3.1/../../../../arm-none-eabi/lib/thumb/v6-m/nofp/libnosys.a
END GROUP
START GROUP
LOAD /opt/st/stm32cubeide_1.13.2/plugins/com.st.stm32cube.ide.mcu.externaltools.gnu-tools-for-stm32.11.3.rel1.linux64_1.1.1.202309131626/tools/bin/../lib/gcc/arm-none-eabi/11.3.1/thumb/v6-m/nofp/libgcc.a
LOAD /opt/st/stm32cubeide_1.13.2/plugins/com.st.stm32cube.ide.mcu.externaltools.gnu-tools-for-stm32.11.3.rel1.linux64_1.1.1.202309131626/tools/bin/../lib/gcc/arm-none-eabi/11.3.1/../../../../arm-none-eabi/lib/thumb/v6-m/nofp/libc_nano.a
LOAD /opt/st/stm32cubeide_1.13.2/plugins/com.st.stm32cube.ide.mcu.externaltools.gnu-tools-for-stm32.11.3.rel1.linux64_1.1.1.202309131626/tools/bin/../lib/gcc/arm-none-eabi/11.3.1/../../../../arm-none-eabi/lib/thumb/v6-m/nofp/libnosys.a
END GROUP
LOAD /opt/st/stm32cubeide_1.13.2/plugins/com.st.stm32cube.ide.mcu.externaltools.gnu-tools-for-stm32.11.3.rel1.linux64_1.1.1.202309131626/tools/bin/../lib/gcc/arm-none-eabi/11.3.1/thumb/v6-m/nofp/crtend.o
LOAD /opt/st/stm32cubeide_1.13.2/plugins/com.st.stm32cube.ide.mcu.externaltools.gnu-tools-for-stm32.11.3.rel1.linux64_1.1.1.202309131626/tools/bin/../lib/gcc/arm-none-eabi/11.3.1/thumb/v6-m/nofp/crtn.o
                0x0000000020005000                _estack = (ORIGIN (RAM) + LENGTH (RAM))
                0x0000000000000200                _Min_Heap_Size = 0x200
                0x0000000000000400                _Min_Stack_Size = 0x400

.isr_vector     0x0000000008000000       0xc0
                0x0000000008000000                . = ALIGN (0x4)
 *(.isr_vector)
 .isr_vector    0x0000000008000000       0xc0 ./Core/Startup/startup_stm32l071rbtx.o
                0x0000000008000000                g_pfnVectors
                0x00000000080000c0                . = ALIGN (0x4)

.text           0x00000000080000c0     0xdbf4
                0x00000000080000c0                . = ALIGN (0x4)
 *(.text)
 .text          0x00000000080000c0       0x48 /opt/st/stm32cubeide_1.13.2/plugins/com.st.stm32cube.ide.mcu.externaltools.gnu-tools-for-stm32.11.3.rel1.linux64_1.1.1.202309131626/tools/bin/../lib/gcc/arm-none-eabi/11.3.1/thumb/v6-m/nofp/crtbegin.o
 .text          0x0000000008000108        0xe /opt/st/stm32cubeide_1.13.2/plugins/com.st.stm32cube.ide.mcu.externaltools.gnu-tools-for-stm32.11.3.rel1.linux64_1.1.1.202309131626/tools/bin/../lib/gcc/arm-none-eabi/11.3.1/../../../../arm-none-eabi/lib/thumb/v6-m/nofp/libc_nano.a(libc_a-strlen.o)
                0x0000000008000108                strlen
 *fill*         0x0000000008000116        0x2 
 .text          0x0000000008000118       0x14 /opt/st/stm32cubeide_1.13.2/plugins/com.st.stm32cube.ide.mcu.externaltools.gnu-tools-for-stm32.11.3.rel1.linux64_1.1.1.202309131626/tools/bin/../lib/gcc/arm-none-eabi/11.3.1/thumb/v6-m/nofp/libgcc.a(_thumb1_case_uqi.o)
                0x0000000008000118                __gnu_thumb1_case_uqi
 .text          0x000000000800012c       0x14 /opt/st/stm32cubeide_1.13.2/plugins/com.st.stm32cube.ide.mcu.externaltools.gnu-tools-for-stm32.11.3.rel1.linux64_1.1.1.202309131626/tools/bin/../lib/gcc/arm-none-eabi/11.3.1/thumb/v6-m/nofp/libgcc.a(_thumb1_case_shi.o)
                0x000000000800012c                __gnu_thumb1_case_shi
 .text          0x0000000008000140      0x114 /opt/st/stm32cubeide_1.13.2/plugins/com.st.stm32cube.ide.mcu.externaltools.gnu-tools-for-stm32.11.3.rel1.linux64_1.1.1.202309131626/tools/bin/../lib/gcc/arm-none-eabi/11.3.1/thumb/v6-m/nofp/libgcc.a(_udivsi3.o)
                0x0000000008000140                __udivsi3
                0x0000000008000140                __aeabi_uidiv
                0x000000000800024c                __aeabi_uidivmod
 .text          0x0000000008000254      0x1d4 /opt/st/stm32cubeide_1.13.2/plugins/com.st.stm32cube.ide.mcu.externaltools.gnu-tools-for-stm32.11.3.rel1.linux64_1.1.1.202309131626/tools/bin/../lib/gcc/arm-none-eabi/11.3.1/thumb/v6-m/nofp/libgcc.a(_divsi3.o)
                0x0000000008000254                __aeabi_idiv
                0x0000000008000254                __divsi3
                0x0000000008000420                __aeabi_idivmod
 .text          0x0000000008000428        0x4 /opt/st/stm32cubeide_1.13.2/plugins/com.st.stm32cube.ide.mcu.externaltools.gnu-tools-for-stm32.11.3.rel1.linux64_1.1.1.202309131626/tools/bin/../lib/gcc/arm-none-eabi/11.3.1/thumb/v6-m/nofp/libgcc.a(_dvmd_tls.o)
                0x0000000008000428                __aeabi_ldiv0
                0x0000000008000428                __aeabi_idiv0
 .text          0x000000000800042c       0x7c /opt/st/stm32cubeide_1.13.2/plugins/com.st.stm32cube.ide.mcu.externaltools.gnu-tools-for-stm32.11.3.rel1.linux64_1.1.1.202309131626/tools/bin/../lib/gcc/arm-none-eabi/11.3.1/thumb/v6-m/nofp/libgcc.a(_arm_cmpdf2.o)
                0x000000000800042c                __aeabi_cdrcmple
                0x000000000800043c                __aeabi_cdcmple
                0x000000000800043c                __aeabi_cdcmpeq
                0x000000000800044c                __aeabi_dcmpeq
                0x0000000008000458                __aeabi_dcmplt
                0x000000000800046c                __aeabi_dcmple
                0x0000000008000480                __aeabi_dcmpgt
                0x0000000008000494                __aeabi_dcmpge
 .text          0x00000000080004a8       0x74 /opt/st/stm32cubeide_1.13.2/plugins/com.st.stm32cube.ide.mcu.externaltools.gnu-tools-for-stm32.11.3.rel1.linux64_1.1.1.202309131626/tools/bin/../lib/gcc/arm-none-eabi/11.3.1/thumb/v6-m/nofp/libgcc.a(_arm_cmpsf2.o)
                0x00000000080004a8                __aeabi_cfrcmple
                0x00000000080004b0                __aeabi_cfcmple
                0x00000000080004b0                __aeabi_cfcmpeq
                0x00000000080004c0                __aeabi_fcmpeq
                0x00000000080004cc                __aeabi_fcmplt
                0x00000000080004e0                __aeabi_fcmple
                0x00000000080004f4                __aeabi_fcmpgt
                0x0000000008000508                __aeabi_fcmpge
 .text          0x000000000800051c       0x40 /opt/st/stm32cubeide_1.13.2/plugins/com.st.stm32cube.ide.mcu.externaltools.gnu-tools-for-stm32.11.3.rel1.linux64_1.1.1.202309131626/tools/bin/../lib/gcc/arm-none-eabi/11.3.1/thumb/v6-m/nofp/libgcc.a(_aeabi_uldivmod.o)
                0x000000000800051c                __aeabi_uldivmod
 .text          0x000000000800055c       0x5c /opt/st/stm32cubeide_1.13.2/plugins/com.st.stm32cube.ide.mcu.externaltools.gnu-tools-for-stm32.11.3.rel1.linux64_1.1.1.202309131626/tools/bin/../lib/gcc/arm-none-eabi/11.3.1/thumb/v6-m/nofp/libgcc.a(_muldi3.o)
                0x000000000800055c                __aeabi_lmul
                0x000000000800055c                __muldi3
 .text          0x00000000080005b8       0x30 /opt/st/stm32cubeide_1.13.2/plugins/com.st.stm32cube.ide.mcu.externaltools.gnu-tools-for-stm32.11.3.rel1.linux64_1.1.1.202309131626/tools/bin/../lib/gcc/arm-none-eabi/11.3.1/thumb/v6-m/nofp/libgcc.a(_fixunssfsi.o)
                0x00000000080005b8                __aeabi_f2uiz
                0x00000000080005b8                __fixunssfsi
 .text          0x00000000080005e8       0x3c /opt/st/stm32cubeide_1.13.2/plugins/com.st.stm32cube.ide.mcu.externaltools.gnu-tools-for-stm32.11.3.rel1.linux64_1.1.1.202309131626/tools/bin/../lib/gcc/arm-none-eabi/11.3.1/thumb/v6-m/nofp/libgcc.a(_fixunsdfsi.o)
                0x00000000080005e8                __fixunsdfsi
                0x00000000080005e8                __aeabi_d2uiz
 .text          0x0000000008000624       0x3c /opt/st/stm32cubeide_1.13.2/plugins/com.st.stm32cube.ide.mcu.externaltools.gnu-tools-for-stm32.11.3.rel1.linux64_1.1.1.202309131626/tools/bin/../lib/gcc/arm-none-eabi/11.3.1/thumb/v6-m/nofp/libgcc.a(_fixdfdi.o)
                0x0000000008000624                __aeabi_d2lz
                0x0000000008000624                __fixdfdi
 .text          0x0000000008000660       0x3c /opt/st/stm32cubeide_1.13.2/plugins/com.st.stm32cube.ide.mcu.externaltools.gnu-tools-for-stm32.11.3.rel1.linux64_1.1.1.202309131626/tools/bin/../lib/gcc/arm-none-eabi/11.3.1/thumb/v6-m/nofp/libgcc.a(_fixunsdfdi.o)
                0x0000000008000660                __aeabi_d2ulz
                0x0000000008000660                __fixunsdfdi
 .text          0x000000000800069c       0x2c /opt/st/stm32cubeide_1.13.2/plugins/com.st.stm32cube.ide.mcu.externaltools.gnu-tools-for-stm32.11.3.rel1.linux64_1.1.1.202309131626/tools/bin/../lib/gcc/arm-none-eabi/11.3.1/thumb/v6-m/nofp/libgcc.a(_floatdidf.o)
                0x000000000800069c                __floatdidf
                0x000000000800069c                __aeabi_l2d
 .text          0x00000000080006c8      0x198 /opt/st/stm32cubeide_1.13.2/plugins/com.st.stm32cube.ide.mcu.externaltools.gnu-tools-for-stm32.11.3.rel1.linux64_1.1.1.202309131626/tools/bin/../lib/gcc/arm-none-eabi/11.3.1/thumb/v6-m/nofp/libgcc.a(_udivmoddi4.o)
                0x00000000080006c8                __udivmoddi4
 .text          0x0000000008000860      0x340 /opt/st/stm32cubeide_1.13.2/plugins/com.st.stm32cube.ide.mcu.externaltools.gnu-tools-for-stm32.11.3.rel1.linux64_1.1.1.202309131626/tools/bin/../lib/gcc/arm-none-eabi/11.3.1/thumb/v6-m/nofp/libgcc.a(addsf3.o)
                0x0000000008000860                __aeabi_fadd
 .text          0x0000000008000ba0      0x234 /opt/st/stm32cubeide_1.13.2/plugins/com.st.stm32cube.ide.mcu.externaltools.gnu-tools-for-stm32.11.3.rel1.linux64_1.1.1.202309131626/tools/bin/../lib/gcc/arm-none-eabi/11.3.1/thumb/v6-m/nofp/libgcc.a(divsf3.o)
                0x0000000008000ba0                __aeabi_fdiv
 .text          0x0000000008000dd4       0x4c /opt/st/stm32cubeide_1.13.2/plugins/com.st.stm32cube.ide.mcu.externaltools.gnu-tools-for-stm32.11.3.rel1.linux64_1.1.1.202309131626/tools/bin/../lib/gcc/arm-none-eabi/11.3.1/thumb/v6-m/nofp/libgcc.a(eqsf2.o)
                0x0000000008000dd4                __nesf2
                0x0000000008000dd4                __eqsf2
 .text          0x0000000008000e20       0x8c /opt/st/stm32cubeide_1.13.2/plugins/com.st.stm32cube.ide.mcu.externaltools.gnu-tools-for-stm32.11.3.rel1.linux64_1.1.1.202309131626/tools/bin/../lib/gcc/arm-none-eabi/11.3.1/thumb/v6-m/nofp/libgcc.a(gesf2.o)
                0x0000000008000e20                __gtsf2
                0x0000000008000e20                __gesf2
 .text          0x0000000008000eac       0x88 /opt/st/stm32cubeide_1.13.2/plugins/com.st.stm32cube.ide.mcu.externaltools.gnu-tools-for-stm32.11.3.rel1.linux64_1.1.1.202309131626/tools/bin/../lib/gcc/arm-none-eabi/11.3.1/thumb/v6-m/nofp/libgcc.a(lesf2.o)
                0x0000000008000eac                __lesf2
                0x0000000008000eac                __ltsf2
 .text          0x0000000008000f34      0x29c /opt/st/stm32cubeide_1.13.2/plugins/com.st.stm32cube.ide.mcu.externaltools.gnu-tools-for-stm32.11.3.rel1.linux64_1.1.1.202309131626/tools/bin/../lib/gcc/arm-none-eabi/11.3.1/thumb/v6-m/nofp/libgcc.a(mulsf3.o)
                0x0000000008000f34                __aeabi_fmul
 .text          0x00000000080011d0      0x340 /opt/st/stm32cubeide_1.13.2/plugins/com.st.stm32cube.ide.mcu.externaltools.gnu-tools-for-stm32.11.3.rel1.linux64_1.1.1.202309131626/tools/bin/../lib/gcc/arm-none-eabi/11.3.1/thumb/v6-m/nofp/libgcc.a(subsf3.o)
                0x00000000080011d0                __aeabi_fsub
 .text          0x0000000008001510       0x40 /opt/st/stm32cubeide_1.13.2/plugins/com.st.stm32cube.ide.mcu.externaltools.gnu-tools-for-stm32.11.3.rel1.linux64_1.1.1.202309131626/tools/bin/../lib/gcc/arm-none-eabi/11.3.1/thumb/v6-m/nofp/libgcc.a(fixsfsi.o)
                0x0000000008001510                __aeabi_f2iz
 .text          0x0000000008001550       0xa4 /opt/st/stm32cubeide_1.13.2/plugins/com.st.stm32cube.ide.mcu.externaltools.gnu-tools-for-stm32.11.3.rel1.linux64_1.1.1.202309131626/tools/bin/../lib/gcc/arm-none-eabi/11.3.1/thumb/v6-m/nofp/libgcc.a(floatsisf.o)
                0x0000000008001550                __aeabi_i2f
 .text          0x00000000080015f4       0x90 /opt/st/stm32cubeide_1.13.2/plugins/com.st.stm32cube.ide.mcu.externaltools.gnu-tools-for-stm32.11.3.rel1.linux64_1.1.1.202309131626/tools/bin/../lib/gcc/arm-none-eabi/11.3.1/thumb/v6-m/nofp/libgcc.a(floatunsisf.o)
                0x00000000080015f4                __aeabi_ui2f
 .text          0x0000000008001684      0x6c0 /opt/st/stm32cubeide_1.13.2/plugins/com.st.stm32cube.ide.mcu.externaltools.gnu-tools-for-stm32.11.3.rel1.linux64_1.1.1.202309131626/tools/bin/../lib/gcc/arm-none-eabi/11.3.1/thumb/v6-m/nofp/libgcc.a(adddf3.o)
                0x0000000008001684                __aeabi_dadd
 .text          0x0000000008001d44      0x5dc /opt/st/stm32cubeide_1.13.2/plugins/com.st.stm32cube.ide.mcu.externaltools.gnu-tools-for-stm32.11.3.rel1.linux64_1.1.1.202309131626/tools/bin/../lib/gcc/arm-none-eabi/11.3.1/thumb/v6-m/nofp/libgcc.a(divdf3.o)
                0x0000000008001d44                __aeabi_ddiv
 .text          0x0000000008002320       0x84 /opt/st/stm32cubeide_1.13.2/plugins/com.st.stm32cube.ide.mcu.externaltools.gnu-tools-for-stm32.11.3.rel1.linux64_1.1.1.202309131626/tools/bin/../lib/gcc/arm-none-eabi/11.3.1/thumb/v6-m/nofp/libgcc.a(eqdf2.o)
                0x0000000008002320                __eqdf2
                0x0000000008002320                __nedf2
 .text          0x00000000080023a4       0xcc /opt/st/stm32cubeide_1.13.2/plugins/com.st.stm32cube.ide.mcu.externaltools.gnu-tools-for-stm32.11.3.rel1.linux64_1.1.1.202309131626/tools/bin/../lib/gcc/arm-none-eabi/11.3.1/thumb/v6-m/nofp/libgcc.a(gedf2.o)
                0x00000000080023a4                __gtdf2
                0x00000000080023a4                __gedf2
 .text          0x0000000008002470       0xc8 /opt/st/stm32cubeide_1.13.2/plugins/com.st.stm32cube.ide.mcu.externaltools.gnu-tools-for-stm32.11.3.rel1.linux64_1.1.1.202309131626/tools/bin/../lib/gcc/arm-none-eabi/11.3.1/thumb/v6-m/nofp/libgcc.a(ledf2.o)
                0x0000000008002470                __ltdf2
                0x0000000008002470                __ledf2
 .text          0x0000000008002538      0x584 /opt/st/stm32cubeide_1.13.2/plugins/com.st.stm32cube.ide.mcu.externaltools.gnu-tools-for-stm32.11.3.rel1.linux64_1.1.1.202309131626/tools/bin/../lib/gcc/arm-none-eabi/11.3.1/thumb/v6-m/nofp/libgcc.a(muldf3.o)
                0x0000000008002538                __aeabi_dmul
 .text          0x0000000008002abc      0x704 /opt/st/stm32cubeide_1.13.2/plugins/com.st.stm32cube.ide.mcu.externaltools.gnu-tools-for-stm32.11.3.rel1.linux64_1.1.1.202309131626/tools/bin/../lib/gcc/arm-none-eabi/11.3.1/thumb/v6-m/nofp/libgcc.a(subdf3.o)
                0x0000000008002abc                __aeabi_dsub
 .text          0x00000000080031c0       0x3c /opt/st/stm32cubeide_1.13.2/plugins/com.st.stm32cube.ide.mcu.externaltools.gnu-tools-for-stm32.11.3.rel1.linux64_1.1.1.202309131626/tools/bin/../lib/gcc/arm-none-eabi/11.3.1/thumb/v6-m/nofp/libgcc.a(unorddf2.o)
                0x00000000080031c0                __aeabi_dcmpun
 .text          0x00000000080031fc       0x6c /opt/st/stm32cubeide_1.13.2/plugins/com.st.stm32cube.ide.mcu.externaltools.gnu-tools-for-stm32.11.3.rel1.linux64_1.1.1.202309131626/tools/bin/../lib/gcc/arm-none-eabi/11.3.1/thumb/v6-m/nofp/libgcc.a(fixdfsi.o)
                0x00000000080031fc                __aeabi_d2iz
 .text          0x0000000008003268       0x60 /opt/st/stm32cubeide_1.13.2/plugins/com.st.stm32cube.ide.mcu.externaltools.gnu-tools-for-stm32.11.3.rel1.linux64_1.1.1.202309131626/tools/bin/../lib/gcc/arm-none-eabi/11.3.1/thumb/v6-m/nofp/libgcc.a(floatsidf.o)
                0x0000000008003268                __aeabi_i2d
 .text          0x00000000080032c8       0x4c /opt/st/stm32cubeide_1.13.2/plugins/com.st.stm32cube.ide.mcu.externaltools.gnu-tools-for-stm32.11.3.rel1.linux64_1.1.1.202309131626/tools/bin/../lib/gcc/arm-none-eabi/11.3.1/thumb/v6-m/nofp/libgcc.a(floatunsidf.o)
                0x00000000080032c8                __aeabi_ui2d
 .text          0x0000000008003314       0x90 /opt/st/stm32cubeide_1.13.2/plugins/com.st.stm32cube.ide.mcu.externaltools.gnu-tools-for-stm32.11.3.rel1.linux64_1.1.1.202309131626/tools/bin/../lib/gcc/arm-none-eabi/11.3.1/thumb/v6-m/nofp/libgcc.a(extendsfdf2.o)
                0x0000000008003314                __aeabi_f2d
 .text          0x00000000080033a4      0x10c /opt/st/stm32cubeide_1.13.2/plugins/com.st.stm32cube.ide.mcu.externaltools.gnu-tools-for-stm32.11.3.rel1.linux64_1.1.1.202309131626/tools/bin/../lib/gcc/arm-none-eabi/11.3.1/thumb/v6-m/nofp/libgcc.a(truncdfsf2.o)
                0x00000000080033a4                __aeabi_d2f
 .text          0x00000000080034b0       0x3c /opt/st/stm32cubeide_1.13.2/plugins/com.st.stm32cube.ide.mcu.externaltools.gnu-tools-for-stm32.11.3.rel1.linux64_1.1.1.202309131626/tools/bin/../lib/gcc/arm-none-eabi/11.3.1/thumb/v6-m/nofp/libgcc.a(_clzsi2.o)
                0x00000000080034b0                __clzsi2
 .text          0x00000000080034ec       0x18 /opt/st/stm32cubeide_1.13.2/plugins/com.st.stm32cube.ide.mcu.externaltools.gnu-tools-for-stm32.11.3.rel1.linux64_1.1.1.202309131626/tools/bin/../lib/gcc/arm-none-eabi/11.3.1/thumb/v6-m/nofp/libgcc.a(_clzdi2.o)
                0x00000000080034ec                __clzdi2
 *(.text*)
 .text.__NVIC_SystemReset
                0x0000000008003504       0x24 ./Core/Src/main.o
 .text.Flash_Erase
                0x0000000008003528       0x40 ./Core/Src/main.o
                0x0000000008003528                Flash_Erase
 .text.Flash_Write_Init
                0x0000000008003568       0x26 ./Core/Src/main.o
                0x0000000008003568                Flash_Write_Init
 .text.Flash_Read_Init
                0x000000000800358e       0x16 ./Core/Src/main.o
                0x000000000800358e                Flash_Read_Init
 .text.HAL_TIM_PeriodElapsedCallback
                0x00000000080035a4       0x10 ./Core/Src/main.o
                0x00000000080035a4                HAL_TIM_PeriodElapsedCallback
 .text.HAL_TIM_IC_CaptureCallback
                0x00000000080035b4       0xa4 ./Core/Src/main.o
                0x00000000080035b4                HAL_TIM_IC_CaptureCallback
 .text.connectSimcomA76xx
                0x0000000008003658      0x12c ./Core/Src/main.o
                0x0000000008003658                connectSimcomA76xx
 .text.HAL_UARTEx_RxEventCallback
                0x0000000008003784       0xd8 ./Core/Src/main.o
                0x0000000008003784                HAL_UARTEx_RxEventCallback
 .text.sendingToSimcomA76xx
                0x000000000800385c       0x2c ./Core/Src/main.o
                0x000000000800385c                sendingToSimcomA76xx
 .text.writte_mode_return_rate
                0x0000000008003888       0x28 ./Core/Src/main.o
                0x0000000008003888                writte_mode_return_rate
 .text.main     0x00000000080038b0      0x1a4 ./Core/Src/main.o
                0x00000000080038b0                main
 .text.SystemClock_Config
                0x0000000008003a54       0xf8 ./Core/Src/main.o
                0x0000000008003a54                SystemClock_Config
 .text.MX_ADC_Init
                0x0000000008003b4c       0xcc ./Core/Src/main.o
 .text.MX_TIM2_Init
                0x0000000008003c18      0x120 ./Core/Src/main.o
 .text.MX_TIM6_Init
                0x0000000008003d38       0x7c ./Core/Src/main.o
 .text.MX_USART1_UART_Init
                0x0000000008003db4       0x60 ./Core/Src/main.o
 .text.MX_USART2_UART_Init
                0x0000000008003e14       0x60 ./Core/Src/main.o
 .text.MX_GPIO_Init
                0x0000000008003e74       0xe8 ./Core/Src/main.o
 .text.Filter_Baterry_Values
                0x0000000008003f5c      0x134 ./Core/Src/main.o
                0x0000000008003f5c                Filter_Baterry_Values
 .text.MediumBattery
                0x0000000008004090       0x98 ./Core/Src/main.o
                0x0000000008004090                MediumBattery
 .text.turnOnA76XX
                0x0000000008004128       0x7c ./Core/Src/main.o
                0x0000000008004128                turnOnA76XX
 .text.get_data_sensor
                0x00000000080041a4       0xc4 ./Core/Src/main.o
                0x00000000080041a4                get_data_sensor
 .text.abnormal_sensor_data
                0x0000000008004268       0x54 ./Core/Src/main.o
                0x0000000008004268                abnormal_sensor_data
 .text.connectMQTT
                0x00000000080042bc      0x248 ./Core/Src/main.o
                0x00000000080042bc                connectMQTT
 .text.Sleep_Stm32_A7672S
                0x0000000008004504       0x78 ./Core/Src/main.o
                0x0000000008004504                Sleep_Stm32_A7672S
 .text.Filter_Value
                0x000000000800457c      0x1c4 ./Core/Src/main.o
                0x000000000800457c                Filter_Value
 .text.Error_Handler
                0x0000000008004740        0xa ./Core/Src/main.o
                0x0000000008004740                Error_Handler
 *fill*         0x000000000800474a        0x2 
 .text.HAL_MspInit
                0x000000000800474c       0x28 ./Core/Src/stm32l0xx_hal_msp.o
                0x000000000800474c                HAL_MspInit
 .text.HAL_ADC_MspInit
                0x0000000008004774       0x78 ./Core/Src/stm32l0xx_hal_msp.o
                0x0000000008004774                HAL_ADC_MspInit
 .text.HAL_TIM_IC_MspInit
                0x00000000080047ec       0x94 ./Core/Src/stm32l0xx_hal_msp.o
                0x00000000080047ec                HAL_TIM_IC_MspInit
 .text.HAL_TIM_Base_MspInit
                0x0000000008004880       0x40 ./Core/Src/stm32l0xx_hal_msp.o
                0x0000000008004880                HAL_TIM_Base_MspInit
 .text.HAL_UART_MspInit
                0x00000000080048c0      0x10c ./Core/Src/stm32l0xx_hal_msp.o
                0x00000000080048c0                HAL_UART_MspInit
 .text.NMI_Handler
                0x00000000080049cc        0x6 ./Core/Src/stm32l0xx_it.o
                0x00000000080049cc                NMI_Handler
 .text.HardFault_Handler
                0x00000000080049d2        0x6 ./Core/Src/stm32l0xx_it.o
                0x00000000080049d2                HardFault_Handler
 .text.SVC_Handler
                0x00000000080049d8        0xa ./Core/Src/stm32l0xx_it.o
                0x00000000080049d8                SVC_Handler
 .text.PendSV_Handler
                0x00000000080049e2        0xa ./Core/Src/stm32l0xx_it.o
                0x00000000080049e2                PendSV_Handler
 .text.SysTick_Handler
                0x00000000080049ec        0xe ./Core/Src/stm32l0xx_it.o
                0x00000000080049ec                SysTick_Handler
 *fill*         0x00000000080049fa        0x2 
 .text.TIM2_IRQHandler
                0x00000000080049fc       0x18 ./Core/Src/stm32l0xx_it.o
                0x00000000080049fc                TIM2_IRQHandler
 .text.TIM6_IRQHandler
                0x0000000008004a14       0x18 ./Core/Src/stm32l0xx_it.o
                0x0000000008004a14                TIM6_IRQHandler
 .text.USART1_IRQHandler
                0x0000000008004a2c       0x18 ./Core/Src/stm32l0xx_it.o
                0x0000000008004a2c                USART1_IRQHandler
 .text.USART2_IRQHandler
                0x0000000008004a44       0x18 ./Core/Src/stm32l0xx_it.o
                0x0000000008004a44                USART2_IRQHandler
 .text._getpid  0x0000000008004a5c        0xc ./Core/Src/syscalls.o
                0x0000000008004a5c                _getpid
 .text._kill    0x0000000008004a68       0x20 ./Core/Src/syscalls.o
                0x0000000008004a68                _kill
 .text._exit    0x0000000008004a88       0x18 ./Core/Src/syscalls.o
                0x0000000008004a88                _exit
 .text._read    0x0000000008004aa0       0x3a ./Core/Src/syscalls.o
                0x0000000008004aa0                _read
 .text._write   0x0000000008004ada       0x38 ./Core/Src/syscalls.o
                0x0000000008004ada                _write
 .text._close   0x0000000008004b12       0x14 ./Core/Src/syscalls.o
                0x0000000008004b12                _close
 .text._fstat   0x0000000008004b26       0x1c ./Core/Src/syscalls.o
                0x0000000008004b26                _fstat
 .text._isatty  0x0000000008004b42       0x12 ./Core/Src/syscalls.o
                0x0000000008004b42                _isatty
 .text._lseek   0x0000000008004b54       0x16 ./Core/Src/syscalls.o
                0x0000000008004b54                _lseek
 *fill*         0x0000000008004b6a        0x2 
 .text._sbrk    0x0000000008004b6c       0x6c ./Core/Src/sysmem.o
                0x0000000008004b6c                _sbrk
 .text.SystemInit
                0x0000000008004bd8        0xa ./Core/Src/system_stm32l0xx.o
                0x0000000008004bd8                SystemInit
 *fill*         0x0000000008004be2        0x2 
 .text.Reset_Handler
                0x0000000008004be4       0x50 ./Core/Startup/startup_stm32l071rbtx.o
                0x0000000008004be4                Reset_Handler
 .text.Default_Handler
                0x0000000008004c34        0x2 ./Core/Startup/startup_stm32l071rbtx.o
                0x0000000008004c34                ADC1_COMP_IRQHandler
                0x0000000008004c34                PVD_IRQHandler
                0x0000000008004c34                I2C1_IRQHandler
                0x0000000008004c34                SPI1_IRQHandler
                0x0000000008004c34                EXTI2_3_IRQHandler
                0x0000000008004c34                I2C2_IRQHandler
                0x0000000008004c34                RTC_IRQHandler
                0x0000000008004c34                DMA1_Channel4_5_6_7_IRQHandler
                0x0000000008004c34                TIM3_IRQHandler
                0x0000000008004c34                EXTI4_15_IRQHandler
                0x0000000008004c34                RCC_IRQHandler
                0x0000000008004c34                DMA1_Channel1_IRQHandler
                0x0000000008004c34                USART4_5_IRQHandler
                0x0000000008004c34                Default_Handler
                0x0000000008004c34                TIM22_IRQHandler
                0x0000000008004c34                TIM7_IRQHandler
                0x0000000008004c34                EXTI0_1_IRQHandler
                0x0000000008004c34                I2C3_IRQHandler
                0x0000000008004c34                SPI2_IRQHandler
                0x0000000008004c34                TIM21_IRQHandler
                0x0000000008004c34                WWDG_IRQHandler
                0x0000000008004c34                LPUART1_IRQHandler
                0x0000000008004c34                DMA1_Channel2_3_IRQHandler
                0x0000000008004c34                FLASH_IRQHandler
                0x0000000008004c34                LPTIM1_IRQHandler
 *fill*         0x0000000008004c36        0x2 
 .text.HAL_Init
                0x0000000008004c38       0x40 ./Drivers/STM32L0xx_HAL_Driver/Src/stm32l0xx_hal.o
                0x0000000008004c38                HAL_Init
 .text.HAL_InitTick
                0x0000000008004c78       0x68 ./Drivers/STM32L0xx_HAL_Driver/Src/stm32l0xx_hal.o
                0x0000000008004c78                HAL_InitTick
 .text.HAL_IncTick
                0x0000000008004ce0       0x24 ./Drivers/STM32L0xx_HAL_Driver/Src/stm32l0xx_hal.o
                0x0000000008004ce0                HAL_IncTick
 .text.HAL_GetTick
                0x0000000008004d04       0x14 ./Drivers/STM32L0xx_HAL_Driver/Src/stm32l0xx_hal.o
                0x0000000008004d04                HAL_GetTick
 .text.HAL_Delay
                0x0000000008004d18       0x48 ./Drivers/STM32L0xx_HAL_Driver/Src/stm32l0xx_hal.o
                0x0000000008004d18                HAL_Delay
 .text.HAL_SuspendTick
                0x0000000008004d60       0x1c ./Drivers/STM32L0xx_HAL_Driver/Src/stm32l0xx_hal.o
                0x0000000008004d60                HAL_SuspendTick
 .text.HAL_ResumeTick
                0x0000000008004d7c       0x1c ./Drivers/STM32L0xx_HAL_Driver/Src/stm32l0xx_hal.o
                0x0000000008004d7c                HAL_ResumeTick
 .text.HAL_ADC_Init
                0x0000000008004d98      0x2e8 ./Drivers/STM32L0xx_HAL_Driver/Src/stm32l0xx_hal_adc.o
                0x0000000008004d98                HAL_ADC_Init
 .text.HAL_ADC_Start
                0x0000000008005080       0xa8 ./Drivers/STM32L0xx_HAL_Driver/Src/stm32l0xx_hal_adc.o
                0x0000000008005080                HAL_ADC_Start
 .text.HAL_ADC_Stop
                0x0000000008005128       0x80 ./Drivers/STM32L0xx_HAL_Driver/Src/stm32l0xx_hal_adc.o
                0x0000000008005128                HAL_ADC_Stop
 .text.HAL_ADC_PollForConversion
                0x00000000080051a8      0x138 ./Drivers/STM32L0xx_HAL_Driver/Src/stm32l0xx_hal_adc.o
                0x00000000080051a8                HAL_ADC_PollForConversion
 .text.HAL_ADC_GetValue
                0x00000000080052e0       0x16 ./Drivers/STM32L0xx_HAL_Driver/Src/stm32l0xx_hal_adc.o
                0x00000000080052e0                HAL_ADC_GetValue
 *fill*         0x00000000080052f6        0x2 
 .text.HAL_ADC_ConfigChannel
                0x00000000080052f8      0x10c ./Drivers/STM32L0xx_HAL_Driver/Src/stm32l0xx_hal_adc.o
                0x00000000080052f8                HAL_ADC_ConfigChannel
 .text.ADC_Enable
                0x0000000008005404       0xd0 ./Drivers/STM32L0xx_HAL_Driver/Src/stm32l0xx_hal_adc.o
 .text.ADC_Disable
                0x00000000080054d4       0xce ./Drivers/STM32L0xx_HAL_Driver/Src/stm32l0xx_hal_adc.o
 .text.ADC_ConversionStop
                0x00000000080055a2       0x98 ./Drivers/STM32L0xx_HAL_Driver/Src/stm32l0xx_hal_adc.o
 *fill*         0x000000000800563a        0x2 
 .text.ADC_DelayMicroSecond
                0x000000000800563c       0x40 ./Drivers/STM32L0xx_HAL_Driver/Src/stm32l0xx_hal_adc.o
 .text.__NVIC_EnableIRQ
                0x000000000800567c       0x34 ./Drivers/STM32L0xx_HAL_Driver/Src/stm32l0xx_hal_cortex.o
 .text.__NVIC_SetPriority
                0x00000000080056b0       0xdc ./Drivers/STM32L0xx_HAL_Driver/Src/stm32l0xx_hal_cortex.o
 .text.SysTick_Config
                0x000000000800578c       0x48 ./Drivers/STM32L0xx_HAL_Driver/Src/stm32l0xx_hal_cortex.o
 .text.HAL_NVIC_SetPriority
                0x00000000080057d4       0x2a ./Drivers/STM32L0xx_HAL_Driver/Src/stm32l0xx_hal_cortex.o
                0x00000000080057d4                HAL_NVIC_SetPriority
 .text.HAL_NVIC_EnableIRQ
                0x00000000080057fe       0x20 ./Drivers/STM32L0xx_HAL_Driver/Src/stm32l0xx_hal_cortex.o
                0x00000000080057fe                HAL_NVIC_EnableIRQ
 .text.HAL_SYSTICK_Config
                0x000000000800581e       0x1a ./Drivers/STM32L0xx_HAL_Driver/Src/stm32l0xx_hal_cortex.o
                0x000000000800581e                HAL_SYSTICK_Config
 .text.HAL_DMA_Abort
                0x0000000008005838       0x80 ./Drivers/STM32L0xx_HAL_Driver/Src/stm32l0xx_hal_dma.o
                0x0000000008005838                HAL_DMA_Abort
 .text.HAL_DMA_Abort_IT
                0x00000000080058b8       0x8e ./Drivers/STM32L0xx_HAL_Driver/Src/stm32l0xx_hal_dma.o
                0x00000000080058b8                HAL_DMA_Abort_IT
 *fill*         0x0000000008005946        0x2 
 .text.HAL_FLASH_Program
                0x0000000008005948       0x78 ./Drivers/STM32L0xx_HAL_Driver/Src/stm32l0xx_hal_flash.o
                0x0000000008005948                HAL_FLASH_Program
 .text.HAL_FLASH_Unlock
                0x00000000080059c0       0xa8 ./Drivers/STM32L0xx_HAL_Driver/Src/stm32l0xx_hal_flash.o
                0x00000000080059c0                HAL_FLASH_Unlock
 .text.HAL_FLASH_Lock
                0x0000000008005a68       0x28 ./Drivers/STM32L0xx_HAL_Driver/Src/stm32l0xx_hal_flash.o
                0x0000000008005a68                HAL_FLASH_Lock
 .text.FLASH_WaitForLastOperation
                0x0000000008005a90       0xe4 ./Drivers/STM32L0xx_HAL_Driver/Src/stm32l0xx_hal_flash.o
                0x0000000008005a90                FLASH_WaitForLastOperation
 .text.FLASH_SetErrorCode
                0x0000000008005b74      0x138 ./Drivers/STM32L0xx_HAL_Driver/Src/stm32l0xx_hal_flash.o
 .text.HAL_FLASHEx_Erase
                0x0000000008005cac       0xcc ./Drivers/STM32L0xx_HAL_Driver/Src/stm32l0xx_hal_flash_ex.o
                0x0000000008005cac                HAL_FLASHEx_Erase
 .text.FLASH_PageErase
                0x0000000008005d78       0x44 ./Drivers/STM32L0xx_HAL_Driver/Src/stm32l0xx_hal_flash_ex.o
                0x0000000008005d78                FLASH_PageErase
 .text.HAL_GPIO_Init
                0x0000000008005dbc      0x2fc ./Drivers/STM32L0xx_HAL_Driver/Src/stm32l0xx_hal_gpio.o
                0x0000000008005dbc                HAL_GPIO_Init
 .text.HAL_GPIO_WritePin
                0x00000000080060b8       0x3a ./Drivers/STM32L0xx_HAL_Driver/Src/stm32l0xx_hal_gpio.o
                0x00000000080060b8                HAL_GPIO_WritePin
 *fill*         0x00000000080060f2        0x2 
 .text.HAL_PWR_EnterSLEEPMode
                0x00000000080060f4       0xb0 ./Drivers/STM32L0xx_HAL_Driver/Src/stm32l0xx_hal_pwr.o
                0x00000000080060f4                HAL_PWR_EnterSLEEPMode
 .text.HAL_RCC_OscConfig
                0x00000000080061a4      0x6f8 ./Drivers/STM32L0xx_HAL_Driver/Src/stm32l0xx_hal_rcc.o
                0x00000000080061a4                HAL_RCC_OscConfig
 .text.HAL_RCC_ClockConfig
                0x000000000800689c      0x290 ./Drivers/STM32L0xx_HAL_Driver/Src/stm32l0xx_hal_rcc.o
                0x000000000800689c                HAL_RCC_ClockConfig
 .text.HAL_RCC_GetSysClockFreq
                0x0000000008006b2c      0x14c ./Drivers/STM32L0xx_HAL_Driver/Src/stm32l0xx_hal_rcc.o
                0x0000000008006b2c                HAL_RCC_GetSysClockFreq
 .text.HAL_RCC_GetHCLKFreq
                0x0000000008006c78       0x14 ./Drivers/STM32L0xx_HAL_Driver/Src/stm32l0xx_hal_rcc.o
                0x0000000008006c78                HAL_RCC_GetHCLKFreq
 .text.HAL_RCC_GetPCLK1Freq
                0x0000000008006c8c       0x2c ./Drivers/STM32L0xx_HAL_Driver/Src/stm32l0xx_hal_rcc.o
                0x0000000008006c8c                HAL_RCC_GetPCLK1Freq
 .text.HAL_RCC_GetPCLK2Freq
                0x0000000008006cb8       0x2c ./Drivers/STM32L0xx_HAL_Driver/Src/stm32l0xx_hal_rcc.o
                0x0000000008006cb8                HAL_RCC_GetPCLK2Freq
 .text.HAL_RCCEx_PeriphCLKConfig
                0x0000000008006ce4      0x294 ./Drivers/STM32L0xx_HAL_Driver/Src/stm32l0xx_hal_rcc_ex.o
                0x0000000008006ce4                HAL_RCCEx_PeriphCLKConfig
 .text.HAL_TIM_Base_Init
                0x0000000008006f78       0x80 ./Drivers/STM32L0xx_HAL_Driver/Src/stm32l0xx_hal_tim.o
                0x0000000008006f78                HAL_TIM_Base_Init
 .text.HAL_TIM_Base_Start_IT
                0x0000000008006ff8       0xa4 ./Drivers/STM32L0xx_HAL_Driver/Src/stm32l0xx_hal_tim.o
                0x0000000008006ff8                HAL_TIM_Base_Start_IT
 .text.HAL_TIM_IC_Init
                0x000000000800709c       0x80 ./Drivers/STM32L0xx_HAL_Driver/Src/stm32l0xx_hal_tim.o
                0x000000000800709c                HAL_TIM_IC_Init
 .text.HAL_TIM_IRQHandler
                0x000000000800711c      0x1d0 ./Drivers/STM32L0xx_HAL_Driver/Src/stm32l0xx_hal_tim.o
                0x000000000800711c                HAL_TIM_IRQHandler
 .text.HAL_TIM_IC_ConfigChannel
                0x00000000080072ec      0x148 ./Drivers/STM32L0xx_HAL_Driver/Src/stm32l0xx_hal_tim.o
                0x00000000080072ec                HAL_TIM_IC_ConfigChannel
 .text.HAL_TIM_SlaveConfigSynchro
                0x0000000008007434       0x8c ./Drivers/STM32L0xx_HAL_Driver/Src/stm32l0xx_hal_tim.o
                0x0000000008007434                HAL_TIM_SlaveConfigSynchro
 .text.HAL_TIM_ReadCapturedValue
                0x00000000080074c0       0x68 ./Drivers/STM32L0xx_HAL_Driver/Src/stm32l0xx_hal_tim.o
                0x00000000080074c0                HAL_TIM_ReadCapturedValue
 .text.HAL_TIM_OC_DelayElapsedCallback
                0x0000000008007528       0x10 ./Drivers/STM32L0xx_HAL_Driver/Src/stm32l0xx_hal_tim.o
                0x0000000008007528                HAL_TIM_OC_DelayElapsedCallback
 .text.HAL_TIM_PWM_PulseFinishedCallback
                0x0000000008007538       0x10 ./Drivers/STM32L0xx_HAL_Driver/Src/stm32l0xx_hal_tim.o
                0x0000000008007538                HAL_TIM_PWM_PulseFinishedCallback
 .text.HAL_TIM_TriggerCallback
                0x0000000008007548       0x10 ./Drivers/STM32L0xx_HAL_Driver/Src/stm32l0xx_hal_tim.o
                0x0000000008007548                HAL_TIM_TriggerCallback
 .text.TIM_Base_SetConfig
                0x0000000008007558       0xbc ./Drivers/STM32L0xx_HAL_Driver/Src/stm32l0xx_hal_tim.o
 .text.TIM_SlaveTimer_SetConfig
                0x0000000008007614      0x124 ./Drivers/STM32L0xx_HAL_Driver/Src/stm32l0xx_hal_tim.o
 .text.TIM_TI1_SetConfig
                0x0000000008007738       0xb8 ./Drivers/STM32L0xx_HAL_Driver/Src/stm32l0xx_hal_tim.o
 .text.TIM_TI1_ConfigInputStage
                0x00000000080077f0       0x5c ./Drivers/STM32L0xx_HAL_Driver/Src/stm32l0xx_hal_tim.o
 .text.TIM_TI2_SetConfig
                0x000000000800784c       0x84 ./Drivers/STM32L0xx_HAL_Driver/Src/stm32l0xx_hal_tim.o
 .text.TIM_TI2_ConfigInputStage
                0x00000000080078d0       0x64 ./Drivers/STM32L0xx_HAL_Driver/Src/stm32l0xx_hal_tim.o
 .text.TIM_TI3_SetConfig
                0x0000000008007934       0x80 ./Drivers/STM32L0xx_HAL_Driver/Src/stm32l0xx_hal_tim.o
 .text.TIM_TI4_SetConfig
                0x00000000080079b4       0x8c ./Drivers/STM32L0xx_HAL_Driver/Src/stm32l0xx_hal_tim.o
 .text.TIM_ETR_SetConfig
                0x0000000008007a40       0x40 ./Drivers/STM32L0xx_HAL_Driver/Src/stm32l0xx_hal_tim.o
 .text.HAL_TIMEx_MasterConfigSynchronization
                0x0000000008007a80       0xbc ./Drivers/STM32L0xx_HAL_Driver/Src/stm32l0xx_hal_tim_ex.o
                0x0000000008007a80                HAL_TIMEx_MasterConfigSynchronization
 .text.HAL_UART_Init
                0x0000000008007b3c       0xa8 ./Drivers/STM32L0xx_HAL_Driver/Src/stm32l0xx_hal_uart.o
                0x0000000008007b3c                HAL_UART_Init
 .text.HAL_UART_Transmit
                0x0000000008007be4      0x13e ./Drivers/STM32L0xx_HAL_Driver/Src/stm32l0xx_hal_uart.o
                0x0000000008007be4                HAL_UART_Transmit
 *fill*         0x0000000008007d22        0x2 
 .text.HAL_UART_IRQHandler
                0x0000000008007d24      0x5c4 ./Drivers/STM32L0xx_HAL_Driver/Src/stm32l0xx_hal_uart.o
                0x0000000008007d24                HAL_UART_IRQHandler
 .text.HAL_UART_TxCpltCallback
                0x00000000080082e8       0x10 ./Drivers/STM32L0xx_HAL_Driver/Src/stm32l0xx_hal_uart.o
                0x00000000080082e8                HAL_UART_TxCpltCallback
 .text.HAL_UART_RxCpltCallback
                0x00000000080082f8       0x10 ./Drivers/STM32L0xx_HAL_Driver/Src/stm32l0xx_hal_uart.o
                0x00000000080082f8                HAL_UART_RxCpltCallback
 .text.HAL_UART_ErrorCallback
                0x0000000008008308       0x10 ./Drivers/STM32L0xx_HAL_Driver/Src/stm32l0xx_hal_uart.o
                0x0000000008008308                HAL_UART_ErrorCallback
 .text.UART_SetConfig
                0x0000000008008318      0x53c ./Drivers/STM32L0xx_HAL_Driver/Src/stm32l0xx_hal_uart.o
                0x0000000008008318                UART_SetConfig
 .text.UART_AdvFeatureConfig
                0x0000000008008854      0x168 ./Drivers/STM32L0xx_HAL_Driver/Src/stm32l0xx_hal_uart.o
                0x0000000008008854                UART_AdvFeatureConfig
 .text.UART_CheckIdleState
                0x00000000080089bc      0x150 ./Drivers/STM32L0xx_HAL_Driver/Src/stm32l0xx_hal_uart.o
                0x00000000080089bc                UART_CheckIdleState
 .text.UART_WaitOnFlagUntilTimeout
                0x0000000008008b0c       0xd2 ./Drivers/STM32L0xx_HAL_Driver/Src/stm32l0xx_hal_uart.o
                0x0000000008008b0c                UART_WaitOnFlagUntilTimeout
 *fill*         0x0000000008008bde        0x2 
 .text.UART_Start_Receive_IT
                0x0000000008008be0      0x194 ./Drivers/STM32L0xx_HAL_Driver/Src/stm32l0xx_hal_uart.o
                0x0000000008008be0                UART_Start_Receive_IT
 .text.UART_EndRxTransfer
                0x0000000008008d74       0xc8 ./Drivers/STM32L0xx_HAL_Driver/Src/stm32l0xx_hal_uart.o
 .text.UART_DMAAbortOnError
                0x0000000008008e3c       0x2e ./Drivers/STM32L0xx_HAL_Driver/Src/stm32l0xx_hal_uart.o
 .text.UART_EndTransmit_IT
                0x0000000008008e6a       0x56 ./Drivers/STM32L0xx_HAL_Driver/Src/stm32l0xx_hal_uart.o
 .text.UART_RxISR_8BIT
                0x0000000008008ec0      0x1c4 ./Drivers/STM32L0xx_HAL_Driver/Src/stm32l0xx_hal_uart.o
 .text.UART_RxISR_16BIT
                0x0000000008009084      0x1c4 ./Drivers/STM32L0xx_HAL_Driver/Src/stm32l0xx_hal_uart.o
 .text.HAL_UARTEx_WakeupCallback
                0x0000000008009248       0x10 ./Drivers/STM32L0xx_HAL_Driver/Src/stm32l0xx_hal_uart_ex.o
                0x0000000008009248                HAL_UARTEx_WakeupCallback
 .text.HAL_UARTEx_ReceiveToIdle_IT
                0x0000000008009258       0xd0 ./Drivers/STM32L0xx_HAL_Driver/Src/stm32l0xx_hal_uart_ex.o
                0x0000000008009258                HAL_UARTEx_ReceiveToIdle_IT
 .text.atoi     0x0000000008009328        0xc /opt/st/stm32cubeide_1.13.2/plugins/com.st.stm32cube.ide.mcu.externaltools.gnu-tools-for-stm32.11.3.rel1.linux64_1.1.1.202309131626/tools/bin/../lib/gcc/arm-none-eabi/11.3.1/../../../../arm-none-eabi/lib/thumb/v6-m/nofp/libc_nano.a(libc_a-atoi.o)
                0x0000000008009328                atoi
 .text._strtol_l.constprop.0
                0x0000000008009334      0x10c /opt/st/stm32cubeide_1.13.2/plugins/com.st.stm32cube.ide.mcu.externaltools.gnu-tools-for-stm32.11.3.rel1.linux64_1.1.1.202309131626/tools/bin/../lib/gcc/arm-none-eabi/11.3.1/../../../../arm-none-eabi/lib/thumb/v6-m/nofp/libc_nano.a(libc_a-strtol.o)
 .text._strtol_r
                0x0000000008009440        0x8 /opt/st/stm32cubeide_1.13.2/plugins/com.st.stm32cube.ide.mcu.externaltools.gnu-tools-for-stm32.11.3.rel1.linux64_1.1.1.202309131626/tools/bin/../lib/gcc/arm-none-eabi/11.3.1/../../../../arm-none-eabi/lib/thumb/v6-m/nofp/libc_nano.a(libc_a-strtol.o)
                0x0000000008009440                _strtol_r
 .text.strtol   0x0000000008009448       0x18 /opt/st/stm32cubeide_1.13.2/plugins/com.st.stm32cube.ide.mcu.externaltools.gnu-tools-for-stm32.11.3.rel1.linux64_1.1.1.202309131626/tools/bin/../lib/gcc/arm-none-eabi/11.3.1/../../../../arm-none-eabi/lib/thumb/v6-m/nofp/libc_nano.a(libc_a-strtol.o)
                0x0000000008009448                strtol
 .text.__cvt    0x0000000008009460       0xc6 /opt/st/stm32cubeide_1.13.2/plugins/com.st.stm32cube.ide.mcu.externaltools.gnu-tools-for-stm32.11.3.rel1.linux64_1.1.1.202309131626/tools/bin/../lib/gcc/arm-none-eabi/11.3.1/../../../../arm-none-eabi/lib/thumb/v6-m/nofp/libc_nano.a(libc_a-nano-vfprintf_float.o)
                0x0000000008009460                __cvt
 .text.__exponent
                0x0000000008009526       0x8a /opt/st/stm32cubeide_1.13.2/plugins/com.st.stm32cube.ide.mcu.externaltools.gnu-tools-for-stm32.11.3.rel1.linux64_1.1.1.202309131626/tools/bin/../lib/gcc/arm-none-eabi/11.3.1/../../../../arm-none-eabi/lib/thumb/v6-m/nofp/libc_nano.a(libc_a-nano-vfprintf_float.o)
                0x0000000008009526                __exponent
 .text._printf_float
                0x00000000080095b0      0x4ac /opt/st/stm32cubeide_1.13.2/plugins/com.st.stm32cube.ide.mcu.externaltools.gnu-tools-for-stm32.11.3.rel1.linux64_1.1.1.202309131626/tools/bin/../lib/gcc/arm-none-eabi/11.3.1/../../../../arm-none-eabi/lib/thumb/v6-m/nofp/libc_nano.a(libc_a-nano-vfprintf_float.o)
                0x00000000080095b0                _printf_float
 .text._printf_common
                0x0000000008009a5c       0xde /opt/st/stm32cubeide_1.13.2/plugins/com.st.stm32cube.ide.mcu.externaltools.gnu-tools-for-stm32.11.3.rel1.linux64_1.1.1.202309131626/tools/bin/../lib/gcc/arm-none-eabi/11.3.1/../../../../arm-none-eabi/lib/thumb/v6-m/nofp/libc_nano.a(libc_a-nano-vfprintf_i.o)
                0x0000000008009a5c                _printf_common
 *fill*         0x0000000008009b3a        0x2 
 .text._printf_i
                0x0000000008009b3c      0x220 /opt/st/stm32cubeide_1.13.2/plugins/com.st.stm32cube.ide.mcu.externaltools.gnu-tools-for-stm32.11.3.rel1.linux64_1.1.1.202309131626/tools/bin/../lib/gcc/arm-none-eabi/11.3.1/../../../../arm-none-eabi/lib/thumb/v6-m/nofp/libc_nano.a(libc_a-nano-vfprintf_i.o)
                0x0000000008009b3c                _printf_i
 .text._scanf_float
                0x0000000008009d5c      0x410 /opt/st/stm32cubeide_1.13.2/plugins/com.st.stm32cube.ide.mcu.externaltools.gnu-tools-for-stm32.11.3.rel1.linux64_1.1.1.202309131626/tools/bin/../lib/gcc/arm-none-eabi/11.3.1/../../../../arm-none-eabi/lib/thumb/v6-m/nofp/libc_nano.a(libc_a-nano-vfscanf_float.o)
                0x0000000008009d5c                _scanf_float
 .text.std      0x000000000800a16c       0x6c /opt/st/stm32cubeide_1.13.2/plugins/com.st.stm32cube.ide.mcu.externaltools.gnu-tools-for-stm32.11.3.rel1.linux64_1.1.1.202309131626/tools/bin/../lib/gcc/arm-none-eabi/11.3.1/../../../../arm-none-eabi/lib/thumb/v6-m/nofp/libc_nano.a(libc_a-findfp.o)
 .text.stdio_exit_handler
                0x000000000800a1d8       0x1c /opt/st/stm32cubeide_1.13.2/plugins/com.st.stm32cube.ide.mcu.externaltools.gnu-tools-for-stm32.11.3.rel1.linux64_1.1.1.202309131626/tools/bin/../lib/gcc/arm-none-eabi/11.3.1/../../../../arm-none-eabi/lib/thumb/v6-m/nofp/libc_nano.a(libc_a-findfp.o)
 .text.cleanup_stdio
                0x000000000800a1f4       0x3c /opt/st/stm32cubeide_1.13.2/plugins/com.st.stm32cube.ide.mcu.externaltools.gnu-tools-for-stm32.11.3.rel1.linux64_1.1.1.202309131626/tools/bin/../lib/gcc/arm-none-eabi/11.3.1/../../../../arm-none-eabi/lib/thumb/v6-m/nofp/libc_nano.a(libc_a-findfp.o)
 .text.global_stdio_init.part.0
                0x000000000800a230       0x3c /opt/st/stm32cubeide_1.13.2/plugins/com.st.stm32cube.ide.mcu.externaltools.gnu-tools-for-stm32.11.3.rel1.linux64_1.1.1.202309131626/tools/bin/../lib/gcc/arm-none-eabi/11.3.1/../../../../arm-none-eabi/lib/thumb/v6-m/nofp/libc_nano.a(libc_a-findfp.o)
 .text.__sfp_lock_acquire
                0x000000000800a26c       0x10 /opt/st/stm32cubeide_1.13.2/plugins/com.st.stm32cube.ide.mcu.externaltools.gnu-tools-for-stm32.11.3.rel1.linux64_1.1.1.202309131626/tools/bin/../lib/gcc/arm-none-eabi/11.3.1/../../../../arm-none-eabi/lib/thumb/v6-m/nofp/libc_nano.a(libc_a-findfp.o)
                0x000000000800a26c                __sfp_lock_acquire
 .text.__sfp_lock_release
                0x000000000800a27c       0x10 /opt/st/stm32cubeide_1.13.2/plugins/com.st.stm32cube.ide.mcu.externaltools.gnu-tools-for-stm32.11.3.rel1.linux64_1.1.1.202309131626/tools/bin/../lib/gcc/arm-none-eabi/11.3.1/../../../../arm-none-eabi/lib/thumb/v6-m/nofp/libc_nano.a(libc_a-findfp.o)
                0x000000000800a27c                __sfp_lock_release
 .text.__sinit  0x000000000800a28c       0x30 /opt/st/stm32cubeide_1.13.2/plugins/com.st.stm32cube.ide.mcu.externaltools.gnu-tools-for-stm32.11.3.rel1.linux64_1.1.1.202309131626/tools/bin/../lib/gcc/arm-none-eabi/11.3.1/../../../../arm-none-eabi/lib/thumb/v6-m/nofp/libc_nano.a(libc_a-findfp.o)
                0x000000000800a28c                __sinit
 .text._fwalk_sglue
                0x000000000800a2bc       0x38 /opt/st/stm32cubeide_1.13.2/plugins/com.st.stm32cube.ide.mcu.externaltools.gnu-tools-for-stm32.11.3.rel1.linux64_1.1.1.202309131626/tools/bin/../lib/gcc/arm-none-eabi/11.3.1/../../../../arm-none-eabi/lib/thumb/v6-m/nofp/libc_nano.a(libc_a-fwalk.o)
                0x000000000800a2bc                _fwalk_sglue
 .text.sprintf  0x000000000800a2f4       0x40 /opt/st/stm32cubeide_1.13.2/plugins/com.st.stm32cube.ide.mcu.externaltools.gnu-tools-for-stm32.11.3.rel1.linux64_1.1.1.202309131626/tools/bin/../lib/gcc/arm-none-eabi/11.3.1/../../../../arm-none-eabi/lib/thumb/v6-m/nofp/libc_nano.a(libc_a-sprintf.o)
                0x000000000800a2f4                sprintf
                0x000000000800a2f4                siprintf
 .text.__sread  0x000000000800a334       0x28 /opt/st/stm32cubeide_1.13.2/plugins/com.st.stm32cube.ide.mcu.externaltools.gnu-tools-for-stm32.11.3.rel1.linux64_1.1.1.202309131626/tools/bin/../lib/gcc/arm-none-eabi/11.3.1/../../../../arm-none-eabi/lib/thumb/v6-m/nofp/libc_nano.a(libc_a-stdio.o)
                0x000000000800a334                __sread
 .text.__swrite
                0x000000000800a35c       0x38 /opt/st/stm32cubeide_1.13.2/plugins/com.st.stm32cube.ide.mcu.externaltools.gnu-tools-for-stm32.11.3.rel1.linux64_1.1.1.202309131626/tools/bin/../lib/gcc/arm-none-eabi/11.3.1/../../../../arm-none-eabi/lib/thumb/v6-m/nofp/libc_nano.a(libc_a-stdio.o)
                0x000000000800a35c                __swrite
 .text.__sseek  0x000000000800a394       0x2c /opt/st/stm32cubeide_1.13.2/plugins/com.st.stm32cube.ide.mcu.externaltools.gnu-tools-for-stm32.11.3.rel1.linux64_1.1.1.202309131626/tools/bin/../lib/gcc/arm-none-eabi/11.3.1/../../../../arm-none-eabi/lib/thumb/v6-m/nofp/libc_nano.a(libc_a-stdio.o)
                0x000000000800a394                __sseek
 .text.__sclose
                0x000000000800a3c0        0xc /opt/st/stm32cubeide_1.13.2/plugins/com.st.stm32cube.ide.mcu.externaltools.gnu-tools-for-stm32.11.3.rel1.linux64_1.1.1.202309131626/tools/bin/../lib/gcc/arm-none-eabi/11.3.1/../../../../arm-none-eabi/lib/thumb/v6-m/nofp/libc_nano.a(libc_a-stdio.o)
                0x000000000800a3c0                __sclose
 .text.memset   0x000000000800a3cc       0x10 /opt/st/stm32cubeide_1.13.2/plugins/com.st.stm32cube.ide.mcu.externaltools.gnu-tools-for-stm32.11.3.rel1.linux64_1.1.1.202309131626/tools/bin/../lib/gcc/arm-none-eabi/11.3.1/../../../../arm-none-eabi/lib/thumb/v6-m/nofp/libc_nano.a(libc_a-memset.o)
                0x000000000800a3cc                memset
 .text.strstr   0x000000000800a3dc       0x2c /opt/st/stm32cubeide_1.13.2/plugins/com.st.stm32cube.ide.mcu.externaltools.gnu-tools-for-stm32.11.3.rel1.linux64_1.1.1.202309131626/tools/bin/../lib/gcc/arm-none-eabi/11.3.1/../../../../arm-none-eabi/lib/thumb/v6-m/nofp/libc_nano.a(libc_a-strstr.o)
                0x000000000800a3dc                strstr
 .text._localeconv_r
                0x000000000800a408        0x8 /opt/st/stm32cubeide_1.13.2/plugins/com.st.stm32cube.ide.mcu.externaltools.gnu-tools-for-stm32.11.3.rel1.linux64_1.1.1.202309131626/tools/bin/../lib/gcc/arm-none-eabi/11.3.1/../../../../arm-none-eabi/lib/thumb/v6-m/nofp/libc_nano.a(libc_a-localeconv.o)
                0x000000000800a408                _localeconv_r
 .text._close_r
                0x000000000800a410       0x24 /opt/st/stm32cubeide_1.13.2/plugins/com.st.stm32cube.ide.mcu.externaltools.gnu-tools-for-stm32.11.3.rel1.linux64_1.1.1.202309131626/tools/bin/../lib/gcc/arm-none-eabi/11.3.1/../../../../arm-none-eabi/lib/thumb/v6-m/nofp/libc_nano.a(libc_a-closer.o)
                0x000000000800a410                _close_r
 .text._lseek_r
                0x000000000800a434       0x28 /opt/st/stm32cubeide_1.13.2/plugins/com.st.stm32cube.ide.mcu.externaltools.gnu-tools-for-stm32.11.3.rel1.linux64_1.1.1.202309131626/tools/bin/../lib/gcc/arm-none-eabi/11.3.1/../../../../arm-none-eabi/lib/thumb/v6-m/nofp/libc_nano.a(libc_a-lseekr.o)
                0x000000000800a434                _lseek_r
 .text._read_r  0x000000000800a45c       0x28 /opt/st/stm32cubeide_1.13.2/plugins/com.st.stm32cube.ide.mcu.externaltools.gnu-tools-for-stm32.11.3.rel1.linux64_1.1.1.202309131626/tools/bin/../lib/gcc/arm-none-eabi/11.3.1/../../../../arm-none-eabi/lib/thumb/v6-m/nofp/libc_nano.a(libc_a-readr.o)
                0x000000000800a45c                _read_r
 .text._write_r
                0x000000000800a484       0x28 /opt/st/stm32cubeide_1.13.2/plugins/com.st.stm32cube.ide.mcu.externaltools.gnu-tools-for-stm32.11.3.rel1.linux64_1.1.1.202309131626/tools/bin/../lib/gcc/arm-none-eabi/11.3.1/../../../../arm-none-eabi/lib/thumb/v6-m/nofp/libc_nano.a(libc_a-writer.o)
                0x000000000800a484                _write_r
 .text.__errno  0x000000000800a4ac        0xc /opt/st/stm32cubeide_1.13.2/plugins/com.st.stm32cube.ide.mcu.externaltools.gnu-tools-for-stm32.11.3.rel1.linux64_1.1.1.202309131626/tools/bin/../lib/gcc/arm-none-eabi/11.3.1/../../../../arm-none-eabi/lib/thumb/v6-m/nofp/libc_nano.a(libc_a-errno.o)
                0x000000000800a4ac                __errno
 .text.__libc_init_array
                0x000000000800a4b8       0x48 /opt/st/stm32cubeide_1.13.2/plugins/com.st.stm32cube.ide.mcu.externaltools.gnu-tools-for-stm32.11.3.rel1.linux64_1.1.1.202309131626/tools/bin/../lib/gcc/arm-none-eabi/11.3.1/../../../../arm-none-eabi/lib/thumb/v6-m/nofp/libc_nano.a(libc_a-init.o)
                0x000000000800a4b8                __libc_init_array
 .text.__retarget_lock_init_recursive
                0x000000000800a500        0x2 /opt/st/stm32cubeide_1.13.2/plugins/com.st.stm32cube.ide.mcu.externaltools.gnu-tools-for-stm32.11.3.rel1.linux64_1.1.1.202309131626/tools/bin/../lib/gcc/arm-none-eabi/11.3.1/../../../../arm-none-eabi/lib/thumb/v6-m/nofp/libc_nano.a(libc_a-lock.o)
                0x000000000800a500                __retarget_lock_init_recursive
 .text.__retarget_lock_acquire_recursive
                0x000000000800a502        0x2 /opt/st/stm32cubeide_1.13.2/plugins/com.st.stm32cube.ide.mcu.externaltools.gnu-tools-for-stm32.11.3.rel1.linux64_1.1.1.202309131626/tools/bin/../lib/gcc/arm-none-eabi/11.3.1/../../../../arm-none-eabi/lib/thumb/v6-m/nofp/libc_nano.a(libc_a-lock.o)
                0x000000000800a502                __retarget_lock_acquire_recursive
 .text.__retarget_lock_release_recursive
                0x000000000800a504        0x2 /opt/st/stm32cubeide_1.13.2/plugins/com.st.stm32cube.ide.mcu.externaltools.gnu-tools-for-stm32.11.3.rel1.linux64_1.1.1.202309131626/tools/bin/../lib/gcc/arm-none-eabi/11.3.1/../../../../arm-none-eabi/lib/thumb/v6-m/nofp/libc_nano.a(libc_a-lock.o)
                0x000000000800a504                __retarget_lock_release_recursive
 .text.memchr   0x000000000800a506       0x16 /opt/st/stm32cubeide_1.13.2/plugins/com.st.stm32cube.ide.mcu.externaltools.gnu-tools-for-stm32.11.3.rel1.linux64_1.1.1.202309131626/tools/bin/../lib/gcc/arm-none-eabi/11.3.1/../../../../arm-none-eabi/lib/thumb/v6-m/nofp/libc_nano.a(libc_a-memchr-stub.o)
                0x000000000800a506                memchr
 .text.nanf     0x000000000800a51c        0x8 /opt/st/stm32cubeide_1.13.2/plugins/com.st.stm32cube.ide.mcu.externaltools.gnu-tools-for-stm32.11.3.rel1.linux64_1.1.1.202309131626/tools/bin/../lib/gcc/arm-none-eabi/11.3.1/../../../../arm-none-eabi/lib/thumb/v6-m/nofp/libc_nano.a(libm_a-sf_nan.o)
                0x000000000800a51c                nanf
 .text.quorem   0x000000000800a524      0x11e /opt/st/stm32cubeide_1.13.2/plugins/com.st.stm32cube.ide.mcu.externaltools.gnu-tools-for-stm32.11.3.rel1.linux64_1.1.1.202309131626/tools/bin/../lib/gcc/arm-none-eabi/11.3.1/../../../../arm-none-eabi/lib/thumb/v6-m/nofp/libc_nano.a(libc_a-dtoa.o)
 *fill*         0x000000000800a642        0x2 
 .text._dtoa_r  0x000000000800a644      0xc1c /opt/st/stm32cubeide_1.13.2/plugins/com.st.stm32cube.ide.mcu.externaltools.gnu-tools-for-stm32.11.3.rel1.linux64_1.1.1.202309131626/tools/bin/../lib/gcc/arm-none-eabi/11.3.1/../../../../arm-none-eabi/lib/thumb/v6-m/nofp/libc_nano.a(libc_a-dtoa.o)
                0x000000000800a644                _dtoa_r
 .text._free_r  0x000000000800b260       0x94 /opt/st/stm32cubeide_1.13.2/plugins/com.st.stm32cube.ide.mcu.externaltools.gnu-tools-for-stm32.11.3.rel1.linux64_1.1.1.202309131626/tools/bin/../lib/gcc/arm-none-eabi/11.3.1/../../../../arm-none-eabi/lib/thumb/v6-m/nofp/libc_nano.a(libc_a-freer.o)
                0x000000000800b260                _free_r
 .text.malloc   0x000000000800b2f4       0x14 /opt/st/stm32cubeide_1.13.2/plugins/com.st.stm32cube.ide.mcu.externaltools.gnu-tools-for-stm32.11.3.rel1.linux64_1.1.1.202309131626/tools/bin/../lib/gcc/arm-none-eabi/11.3.1/../../../../arm-none-eabi/lib/thumb/v6-m/nofp/libc_nano.a(libc_a-malloc.o)
                0x000000000800b2f4                malloc
 .text.sbrk_aligned
                0x000000000800b308       0x44 /opt/st/stm32cubeide_1.13.2/plugins/com.st.stm32cube.ide.mcu.externaltools.gnu-tools-for-stm32.11.3.rel1.linux64_1.1.1.202309131626/tools/bin/../lib/gcc/arm-none-eabi/11.3.1/../../../../arm-none-eabi/lib/thumb/v6-m/nofp/libc_nano.a(libc_a-mallocr.o)
 .text._malloc_r
                0x000000000800b34c      0x104 /opt/st/stm32cubeide_1.13.2/plugins/com.st.stm32cube.ide.mcu.externaltools.gnu-tools-for-stm32.11.3.rel1.linux64_1.1.1.202309131626/tools/bin/../lib/gcc/arm-none-eabi/11.3.1/../../../../arm-none-eabi/lib/thumb/v6-m/nofp/libc_nano.a(libc_a-mallocr.o)
                0x000000000800b34c                _malloc_r
 .text.__malloc_lock
                0x000000000800b450       0x10 /opt/st/stm32cubeide_1.13.2/plugins/com.st.stm32cube.ide.mcu.externaltools.gnu-tools-for-stm32.11.3.rel1.linux64_1.1.1.202309131626/tools/bin/../lib/gcc/arm-none-eabi/11.3.1/../../../../arm-none-eabi/lib/thumb/v6-m/nofp/libc_nano.a(libc_a-mlock.o)
                0x000000000800b450                __malloc_lock
 .text.__malloc_unlock
                0x000000000800b460       0x10 /opt/st/stm32cubeide_1.13.2/plugins/com.st.stm32cube.ide.mcu.externaltools.gnu-tools-for-stm32.11.3.rel1.linux64_1.1.1.202309131626/tools/bin/../lib/gcc/arm-none-eabi/11.3.1/../../../../arm-none-eabi/lib/thumb/v6-m/nofp/libc_nano.a(libc_a-mlock.o)
                0x000000000800b460                __malloc_unlock
 .text._Balloc  0x000000000800b470       0x88 /opt/st/stm32cubeide_1.13.2/plugins/com.st.stm32cube.ide.mcu.externaltools.gnu-tools-for-stm32.11.3.rel1.linux64_1.1.1.202309131626/tools/bin/../lib/gcc/arm-none-eabi/11.3.1/../../../../arm-none-eabi/lib/thumb/v6-m/nofp/libc_nano.a(libc_a-mprec.o)
                0x000000000800b470                _Balloc
 .text._Bfree   0x000000000800b4f8       0x48 /opt/st/stm32cubeide_1.13.2/plugins/com.st.stm32cube.ide.mcu.externaltools.gnu-tools-for-stm32.11.3.rel1.linux64_1.1.1.202309131626/tools/bin/../lib/gcc/arm-none-eabi/11.3.1/../../../../arm-none-eabi/lib/thumb/v6-m/nofp/libc_nano.a(libc_a-mprec.o)
                0x000000000800b4f8                _Bfree
 .text.__multadd
                0x000000000800b540       0x88 /opt/st/stm32cubeide_1.13.2/plugins/com.st.stm32cube.ide.mcu.externaltools.gnu-tools-for-stm32.11.3.rel1.linux64_1.1.1.202309131626/tools/bin/../lib/gcc/arm-none-eabi/11.3.1/../../../../arm-none-eabi/lib/thumb/v6-m/nofp/libc_nano.a(libc_a-mprec.o)
                0x000000000800b540                __multadd
 .text.__s2b    0x000000000800b5c8       0x98 /opt/st/stm32cubeide_1.13.2/plugins/com.st.stm32cube.ide.mcu.externaltools.gnu-tools-for-stm32.11.3.rel1.linux64_1.1.1.202309131626/tools/bin/../lib/gcc/arm-none-eabi/11.3.1/../../../../arm-none-eabi/lib/thumb/v6-m/nofp/libc_nano.a(libc_a-mprec.o)
                0x000000000800b5c8                __s2b
 .text.__hi0bits
                0x000000000800b660       0x34 /opt/st/stm32cubeide_1.13.2/plugins/com.st.stm32cube.ide.mcu.externaltools.gnu-tools-for-stm32.11.3.rel1.linux64_1.1.1.202309131626/tools/bin/../lib/gcc/arm-none-eabi/11.3.1/../../../../arm-none-eabi/lib/thumb/v6-m/nofp/libc_nano.a(libc_a-mprec.o)
                0x000000000800b660                __hi0bits
 .text.__lo0bits
                0x000000000800b694       0x5c /opt/st/stm32cubeide_1.13.2/plugins/com.st.stm32cube.ide.mcu.externaltools.gnu-tools-for-stm32.11.3.rel1.linux64_1.1.1.202309131626/tools/bin/../lib/gcc/arm-none-eabi/11.3.1/../../../../arm-none-eabi/lib/thumb/v6-m/nofp/libc_nano.a(libc_a-mprec.o)
                0x000000000800b694                __lo0bits
 .text.__i2b    0x000000000800b6f0       0x30 /opt/st/stm32cubeide_1.13.2/plugins/com.st.stm32cube.ide.mcu.externaltools.gnu-tools-for-stm32.11.3.rel1.linux64_1.1.1.202309131626/tools/bin/../lib/gcc/arm-none-eabi/11.3.1/../../../../arm-none-eabi/lib/thumb/v6-m/nofp/libc_nano.a(libc_a-mprec.o)
                0x000000000800b6f0                __i2b
 .text.__multiply
                0x000000000800b720      0x160 /opt/st/stm32cubeide_1.13.2/plugins/com.st.stm32cube.ide.mcu.externaltools.gnu-tools-for-stm32.11.3.rel1.linux64_1.1.1.202309131626/tools/bin/../lib/gcc/arm-none-eabi/11.3.1/../../../../arm-none-eabi/lib/thumb/v6-m/nofp/libc_nano.a(libc_a-mprec.o)
                0x000000000800b720                __multiply
 .text.__pow5mult
                0x000000000800b880       0xb8 /opt/st/stm32cubeide_1.13.2/plugins/com.st.stm32cube.ide.mcu.externaltools.gnu-tools-for-stm32.11.3.rel1.linux64_1.1.1.202309131626/tools/bin/../lib/gcc/arm-none-eabi/11.3.1/../../../../arm-none-eabi/lib/thumb/v6-m/nofp/libc_nano.a(libc_a-mprec.o)
                0x000000000800b880                __pow5mult
 .text.__lshift
                0x000000000800b938       0xdc /opt/st/stm32cubeide_1.13.2/plugins/com.st.stm32cube.ide.mcu.externaltools.gnu-tools-for-stm32.11.3.rel1.linux64_1.1.1.202309131626/tools/bin/../lib/gcc/arm-none-eabi/11.3.1/../../../../arm-none-eabi/lib/thumb/v6-m/nofp/libc_nano.a(libc_a-mprec.o)
                0x000000000800b938                __lshift
 .text.__mcmp   0x000000000800ba14       0x38 /opt/st/stm32cubeide_1.13.2/plugins/com.st.stm32cube.ide.mcu.externaltools.gnu-tools-for-stm32.11.3.rel1.linux64_1.1.1.202309131626/tools/bin/../lib/gcc/arm-none-eabi/11.3.1/../../../../arm-none-eabi/lib/thumb/v6-m/nofp/libc_nano.a(libc_a-mprec.o)
                0x000000000800ba14                __mcmp
 .text.__mdiff  0x000000000800ba4c      0x130 /opt/st/stm32cubeide_1.13.2/plugins/com.st.stm32cube.ide.mcu.externaltools.gnu-tools-for-stm32.11.3.rel1.linux64_1.1.1.202309131626/tools/bin/../lib/gcc/arm-none-eabi/11.3.1/../../../../arm-none-eabi/lib/thumb/v6-m/nofp/libc_nano.a(libc_a-mprec.o)
                0x000000000800ba4c                __mdiff
 .text.__ulp    0x000000000800bb7c       0x38 /opt/st/stm32cubeide_1.13.2/plugins/com.st.stm32cube.ide.mcu.externaltools.gnu-tools-for-stm32.11.3.rel1.linux64_1.1.1.202309131626/tools/bin/../lib/gcc/arm-none-eabi/11.3.1/../../../../arm-none-eabi/lib/thumb/v6-m/nofp/libc_nano.a(libc_a-mprec.o)
                0x000000000800bb7c                __ulp
 .text.__b2d    0x000000000800bbb4       0x98 /opt/st/stm32cubeide_1.13.2/plugins/com.st.stm32cube.ide.mcu.externaltools.gnu-tools-for-stm32.11.3.rel1.linux64_1.1.1.202309131626/tools/bin/../lib/gcc/arm-none-eabi/11.3.1/../../../../arm-none-eabi/lib/thumb/v6-m/nofp/libc_nano.a(libc_a-mprec.o)
                0x000000000800bbb4                __b2d
 .text.__d2b    0x000000000800bc4c       0xc0 /opt/st/stm32cubeide_1.13.2/plugins/com.st.stm32cube.ide.mcu.externaltools.gnu-tools-for-stm32.11.3.rel1.linux64_1.1.1.202309131626/tools/bin/../lib/gcc/arm-none-eabi/11.3.1/../../../../arm-none-eabi/lib/thumb/v6-m/nofp/libc_nano.a(libc_a-mprec.o)
                0x000000000800bc4c                __d2b
 .text.__ratio  0x000000000800bd0c       0x52 /opt/st/stm32cubeide_1.13.2/plugins/com.st.stm32cube.ide.mcu.externaltools.gnu-tools-for-stm32.11.3.rel1.linux64_1.1.1.202309131626/tools/bin/../lib/gcc/arm-none-eabi/11.3.1/../../../../arm-none-eabi/lib/thumb/v6-m/nofp/libc_nano.a(libc_a-mprec.o)
                0x000000000800bd0c                __ratio
 .text.__copybits
                0x000000000800bd5e       0x42 /opt/st/stm32cubeide_1.13.2/plugins/com.st.stm32cube.ide.mcu.externaltools.gnu-tools-for-stm32.11.3.rel1.linux64_1.1.1.202309131626/tools/bin/../lib/gcc/arm-none-eabi/11.3.1/../../../../arm-none-eabi/lib/thumb/v6-m/nofp/libc_nano.a(libc_a-mprec.o)
                0x000000000800bd5e                __copybits
 .text.__any_on
                0x000000000800bda0       0x46 /opt/st/stm32cubeide_1.13.2/plugins/com.st.stm32cube.ide.mcu.externaltools.gnu-tools-for-stm32.11.3.rel1.linux64_1.1.1.202309131626/tools/bin/../lib/gcc/arm-none-eabi/11.3.1/../../../../arm-none-eabi/lib/thumb/v6-m/nofp/libc_nano.a(libc_a-mprec.o)
                0x000000000800bda0                __any_on
 *fill*         0x000000000800bde6        0x2 
 .text.sulp     0x000000000800bde8       0x30 /opt/st/stm32cubeide_1.13.2/plugins/com.st.stm32cube.ide.mcu.externaltools.gnu-tools-for-stm32.11.3.rel1.linux64_1.1.1.202309131626/tools/bin/../lib/gcc/arm-none-eabi/11.3.1/../../../../arm-none-eabi/lib/thumb/v6-m/nofp/libc_nano.a(libc_a-strtod.o)
 .text._strtod_l
                0x000000000800be18      0xc14 /opt/st/stm32cubeide_1.13.2/plugins/com.st.stm32cube.ide.mcu.externaltools.gnu-tools-for-stm32.11.3.rel1.linux64_1.1.1.202309131626/tools/bin/../lib/gcc/arm-none-eabi/11.3.1/../../../../arm-none-eabi/lib/thumb/v6-m/nofp/libc_nano.a(libc_a-strtod.o)
                0x000000000800be18                _strtod_l
 .text._strtod_r
                0x000000000800ca2c       0x10 /opt/st/stm32cubeide_1.13.2/plugins/com.st.stm32cube.ide.mcu.externaltools.gnu-tools-for-stm32.11.3.rel1.linux64_1.1.1.202309131626/tools/bin/../lib/gcc/arm-none-eabi/11.3.1/../../../../arm-none-eabi/lib/thumb/v6-m/nofp/libc_nano.a(libc_a-strtod.o)
                0x000000000800ca2c                _strtod_r
 .text.__ssputs_r
                0x000000000800ca3c       0xc4 /opt/st/stm32cubeide_1.13.2/plugins/com.st.stm32cube.ide.mcu.externaltools.gnu-tools-for-stm32.11.3.rel1.linux64_1.1.1.202309131626/tools/bin/../lib/gcc/arm-none-eabi/11.3.1/../../../../arm-none-eabi/lib/thumb/v6-m/nofp/libc_nano.a(libc_a-nano-svfprintf.o)
                0x000000000800ca3c                __ssputs_r
 .text._svfprintf_r
                0x000000000800cb00      0x200 /opt/st/stm32cubeide_1.13.2/plugins/com.st.stm32cube.ide.mcu.externaltools.gnu-tools-for-stm32.11.3.rel1.linux64_1.1.1.202309131626/tools/bin/../lib/gcc/arm-none-eabi/11.3.1/../../../../arm-none-eabi/lib/thumb/v6-m/nofp/libc_nano.a(libc_a-nano-svfprintf.o)
                0x000000000800cb00                _svfprintf_r
                0x000000000800cb00                _svfiprintf_r
 .text.__sflush_r
                0x000000000800cd00      0x114 /opt/st/stm32cubeide_1.13.2/plugins/com.st.stm32cube.ide.mcu.externaltools.gnu-tools-for-stm32.11.3.rel1.linux64_1.1.1.202309131626/tools/bin/../lib/gcc/arm-none-eabi/11.3.1/../../../../arm-none-eabi/lib/thumb/v6-m/nofp/libc_nano.a(libc_a-fflush.o)
                0x000000000800cd00                __sflush_r
 .text._fflush_r
                0x000000000800ce14       0x56 /opt/st/stm32cubeide_1.13.2/plugins/com.st.stm32cube.ide.mcu.externaltools.gnu-tools-for-stm32.11.3.rel1.linux64_1.1.1.202309131626/tools/bin/../lib/gcc/arm-none-eabi/11.3.1/../../../../arm-none-eabi/lib/thumb/v6-m/nofp/libc_nano.a(libc_a-fflush.o)
                0x000000000800ce14                _fflush_r
 .text.memmove  0x000000000800ce6a       0x26 /opt/st/stm32cubeide_1.13.2/plugins/com.st.stm32cube.ide.mcu.externaltools.gnu-tools-for-stm32.11.3.rel1.linux64_1.1.1.202309131626/tools/bin/../lib/gcc/arm-none-eabi/11.3.1/../../../../arm-none-eabi/lib/thumb/v6-m/nofp/libc_nano.a(libc_a-memmove.o)
                0x000000000800ce6a                memmove
 .text.strncmp  0x000000000800ce90       0x22 /opt/st/stm32cubeide_1.13.2/plugins/com.st.stm32cube.ide.mcu.externaltools.gnu-tools-for-stm32.11.3.rel1.linux64_1.1.1.202309131626/tools/bin/../lib/gcc/arm-none-eabi/11.3.1/../../../../arm-none-eabi/lib/thumb/v6-m/nofp/libc_nano.a(libc_a-strncmp.o)
                0x000000000800ce90                strncmp
 *fill*         0x000000000800ceb2        0x2 
 .text._sbrk_r  0x000000000800ceb4       0x24 /opt/st/stm32cubeide_1.13.2/plugins/com.st.stm32cube.ide.mcu.externaltools.gnu-tools-for-stm32.11.3.rel1.linux64_1.1.1.202309131626/tools/bin/../lib/gcc/arm-none-eabi/11.3.1/../../../../arm-none-eabi/lib/thumb/v6-m/nofp/libc_nano.a(libc_a-sbrkr.o)
                0x000000000800ceb4                _sbrk_r
 .text.memcpy   0x000000000800ced8       0x12 /opt/st/stm32cubeide_1.13.2/plugins/com.st.stm32cube.ide.mcu.externaltools.gnu-tools-for-stm32.11.3.rel1.linux64_1.1.1.202309131626/tools/bin/../lib/gcc/arm-none-eabi/11.3.1/../../../../arm-none-eabi/lib/thumb/v6-m/nofp/libc_nano.a(libc_a-memcpy-stub.o)
                0x000000000800ced8                memcpy
 *fill*         0x000000000800ceea        0x2 
 .text.nan      0x000000000800ceec        0xc /opt/st/stm32cubeide_1.13.2/plugins/com.st.stm32cube.ide.mcu.externaltools.gnu-tools-for-stm32.11.3.rel1.linux64_1.1.1.202309131626/tools/bin/../lib/gcc/arm-none-eabi/11.3.1/../../../../arm-none-eabi/lib/thumb/v6-m/nofp/libc_nano.a(libm_a-s_nan.o)
                0x000000000800ceec                nan
 .text.__assert_func
                0x000000000800cef8       0x3c /opt/st/stm32cubeide_1.13.2/plugins/com.st.stm32cube.ide.mcu.externaltools.gnu-tools-for-stm32.11.3.rel1.linux64_1.1.1.202309131626/tools/bin/../lib/gcc/arm-none-eabi/11.3.1/../../../../arm-none-eabi/lib/thumb/v6-m/nofp/libc_nano.a(libc_a-assert.o)
                0x000000000800cef8                __assert_func
 .text._calloc_r
                0x000000000800cf34       0x5a /opt/st/stm32cubeide_1.13.2/plugins/com.st.stm32cube.ide.mcu.externaltools.gnu-tools-for-stm32.11.3.rel1.linux64_1.1.1.202309131626/tools/bin/../lib/gcc/arm-none-eabi/11.3.1/../../../../arm-none-eabi/lib/thumb/v6-m/nofp/libc_nano.a(libc_a-callocr.o)
                0x000000000800cf34                _calloc_r
 .text.rshift   0x000000000800cf8e       0xaa /opt/st/stm32cubeide_1.13.2/plugins/com.st.stm32cube.ide.mcu.externaltools.gnu-tools-for-stm32.11.3.rel1.linux64_1.1.1.202309131626/tools/bin/../lib/gcc/arm-none-eabi/11.3.1/../../../../arm-none-eabi/lib/thumb/v6-m/nofp/libc_nano.a(libc_a-gdtoa-gethex.o)
 .text.__hexdig_fun
                0x000000000800d038       0x2a /opt/st/stm32cubeide_1.13.2/plugins/com.st.stm32cube.ide.mcu.externaltools.gnu-tools-for-stm32.11.3.rel1.linux64_1.1.1.202309131626/tools/bin/../lib/gcc/arm-none-eabi/11.3.1/../../../../arm-none-eabi/lib/thumb/v6-m/nofp/libc_nano.a(libc_a-gdtoa-gethex.o)
                0x000000000800d038                __hexdig_fun
 *fill*         0x000000000800d062        0x2 
 .text.__gethex
                0x000000000800d064      0x448 /opt/st/stm32cubeide_1.13.2/plugins/com.st.stm32cube.ide.mcu.externaltools.gnu-tools-for-stm32.11.3.rel1.linux64_1.1.1.202309131626/tools/bin/../lib/gcc/arm-none-eabi/11.3.1/../../../../arm-none-eabi/lib/thumb/v6-m/nofp/libc_nano.a(libc_a-gdtoa-gethex.o)
                0x000000000800d064                __gethex
 .text.L_shift  0x000000000800d4ac       0x24 /opt/st/stm32cubeide_1.13.2/plugins/com.st.stm32cube.ide.mcu.externaltools.gnu-tools-for-stm32.11.3.rel1.linux64_1.1.1.202309131626/tools/bin/../lib/gcc/arm-none-eabi/11.3.1/../../../../arm-none-eabi/lib/thumb/v6-m/nofp/libc_nano.a(libc_a-gdtoa-hexnan.o)
 .text.__match  0x000000000800d4d0       0x28 /opt/st/stm32cubeide_1.13.2/plugins/com.st.stm32cube.ide.mcu.externaltools.gnu-tools-for-stm32.11.3.rel1.linux64_1.1.1.202309131626/tools/bin/../lib/gcc/arm-none-eabi/11.3.1/../../../../arm-none-eabi/lib/thumb/v6-m/nofp/libc_nano.a(libc_a-gdtoa-hexnan.o)
                0x000000000800d4d0                __match
 .text.__hexnan
                0x000000000800d4f8      0x150 /opt/st/stm32cubeide_1.13.2/plugins/com.st.stm32cube.ide.mcu.externaltools.gnu-tools-for-stm32.11.3.rel1.linux64_1.1.1.202309131626/tools/bin/../lib/gcc/arm-none-eabi/11.3.1/../../../../arm-none-eabi/lib/thumb/v6-m/nofp/libc_nano.a(libc_a-gdtoa-hexnan.o)
                0x000000000800d4f8                __hexnan
 .text.__ascii_mbtowc
                0x000000000800d648       0x24 /opt/st/stm32cubeide_1.13.2/plugins/com.st.stm32cube.ide.mcu.externaltools.gnu-tools-for-stm32.11.3.rel1.linux64_1.1.1.202309131626/tools/bin/../lib/gcc/arm-none-eabi/11.3.1/../../../../arm-none-eabi/lib/thumb/v6-m/nofp/libc_nano.a(libc_a-mbtowc_r.o)
                0x000000000800d648                __ascii_mbtowc
 .text._realloc_r
                0x000000000800d66c       0x5e /opt/st/stm32cubeide_1.13.2/plugins/com.st.stm32cube.ide.mcu.externaltools.gnu-tools-for-stm32.11.3.rel1.linux64_1.1.1.202309131626/tools/bin/../lib/gcc/arm-none-eabi/11.3.1/../../../../arm-none-eabi/lib/thumb/v6-m/nofp/libc_nano.a(libc_a-reallocr.o)
                0x000000000800d66c                _realloc_r
 .text.__ascii_wctomb
                0x000000000800d6ca       0x1a /opt/st/stm32cubeide_1.13.2/plugins/com.st.stm32cube.ide.mcu.externaltools.gnu-tools-for-stm32.11.3.rel1.linux64_1.1.1.202309131626/tools/bin/../lib/gcc/arm-none-eabi/11.3.1/../../../../arm-none-eabi/lib/thumb/v6-m/nofp/libc_nano.a(libc_a-wctomb_r.o)
                0x000000000800d6ca                __ascii_wctomb
 .text.fprintf  0x000000000800d6e4       0x20 /opt/st/stm32cubeide_1.13.2/plugins/com.st.stm32cube.ide.mcu.externaltools.gnu-tools-for-stm32.11.3.rel1.linux64_1.1.1.202309131626/tools/bin/../lib/gcc/arm-none-eabi/11.3.1/../../../../arm-none-eabi/lib/thumb/v6-m/nofp/libc_nano.a(libc_a-fprintf.o)
                0x000000000800d6e4                fprintf
                0x000000000800d6e4                fiprintf
 .text.abort    0x000000000800d704        0xe /opt/st/stm32cubeide_1.13.2/plugins/com.st.stm32cube.ide.mcu.externaltools.gnu-tools-for-stm32.11.3.rel1.linux64_1.1.1.202309131626/tools/bin/../lib/gcc/arm-none-eabi/11.3.1/../../../../arm-none-eabi/lib/thumb/v6-m/nofp/libc_nano.a(libc_a-abort.o)
                0x000000000800d704                abort
 .text._malloc_usable_size_r
                0x000000000800d712       0x10 /opt/st/stm32cubeide_1.13.2/plugins/com.st.stm32cube.ide.mcu.externaltools.gnu-tools-for-stm32.11.3.rel1.linux64_1.1.1.202309131626/tools/bin/../lib/gcc/arm-none-eabi/11.3.1/../../../../arm-none-eabi/lib/thumb/v6-m/nofp/libc_nano.a(libc_a-msizer.o)
                0x000000000800d712                _malloc_usable_size_r
 .text.__sfputc_r
                0x000000000800d722       0x2a /opt/st/stm32cubeide_1.13.2/plugins/com.st.stm32cube.ide.mcu.externaltools.gnu-tools-for-stm32.11.3.rel1.linux64_1.1.1.202309131626/tools/bin/../lib/gcc/arm-none-eabi/11.3.1/../../../../arm-none-eabi/lib/thumb/v6-m/nofp/libc_nano.a(libc_a-nano-vfprintf.o)
 .text.__sfputs_r
                0x000000000800d74c       0x24 /opt/st/stm32cubeide_1.13.2/plugins/com.st.stm32cube.ide.mcu.externaltools.gnu-tools-for-stm32.11.3.rel1.linux64_1.1.1.202309131626/tools/bin/../lib/gcc/arm-none-eabi/11.3.1/../../../../arm-none-eabi/lib/thumb/v6-m/nofp/libc_nano.a(libc_a-nano-vfprintf.o)
                0x000000000800d74c                __sfputs_r
 .text._vfprintf_r
                0x000000000800d770      0x238 /opt/st/stm32cubeide_1.13.2/plugins/com.st.stm32cube.ide.mcu.externaltools.gnu-tools-for-stm32.11.3.rel1.linux64_1.1.1.202309131626/tools/bin/../lib/gcc/arm-none-eabi/11.3.1/../../../../arm-none-eabi/lib/thumb/v6-m/nofp/libc_nano.a(libc_a-nano-vfprintf.o)
                0x000000000800d770                _vfiprintf_r
                0x000000000800d770                _vfprintf_r
 .text.__swbuf_r
                0x000000000800d9a8       0x84 /opt/st/stm32cubeide_1.13.2/plugins/com.st.stm32cube.ide.mcu.externaltools.gnu-tools-for-stm32.11.3.rel1.linux64_1.1.1.202309131626/tools/bin/../lib/gcc/arm-none-eabi/11.3.1/../../../../arm-none-eabi/lib/thumb/v6-m/nofp/libc_nano.a(libc_a-wbuf.o)
                0x000000000800d9a8                __swbuf_r
 .text.__swsetup_r
                0x000000000800da2c       0xc8 /opt/st/stm32cubeide_1.13.2/plugins/com.st.stm32cube.ide.mcu.externaltools.gnu-tools-for-stm32.11.3.rel1.linux64_1.1.1.202309131626/tools/bin/../lib/gcc/arm-none-eabi/11.3.1/../../../../arm-none-eabi/lib/thumb/v6-m/nofp/libc_nano.a(libc_a-wsetup.o)
                0x000000000800da2c                __swsetup_r
 .text._raise_r
                0x000000000800daf4       0x54 /opt/st/stm32cubeide_1.13.2/plugins/com.st.stm32cube.ide.mcu.externaltools.gnu-tools-for-stm32.11.3.rel1.linux64_1.1.1.202309131626/tools/bin/../lib/gcc/arm-none-eabi/11.3.1/../../../../arm-none-eabi/lib/thumb/v6-m/nofp/libc_nano.a(libc_a-signal.o)
                0x000000000800daf4                _raise_r
 .text.raise    0x000000000800db48       0x14 /opt/st/stm32cubeide_1.13.2/plugins/com.st.stm32cube.ide.mcu.externaltools.gnu-tools-for-stm32.11.3.rel1.linux64_1.1.1.202309131626/tools/bin/../lib/gcc/arm-none-eabi/11.3.1/../../../../arm-none-eabi/lib/thumb/v6-m/nofp/libc_nano.a(libc_a-signal.o)
                0x000000000800db48                raise
 .text._kill_r  0x000000000800db5c       0x24 /opt/st/stm32cubeide_1.13.2/plugins/com.st.stm32cube.ide.mcu.externaltools.gnu-tools-for-stm32.11.3.rel1.linux64_1.1.1.202309131626/tools/bin/../lib/gcc/arm-none-eabi/11.3.1/../../../../arm-none-eabi/lib/thumb/v6-m/nofp/libc_nano.a(libc_a-signalr.o)
                0x000000000800db5c                _kill_r
 .text._getpid_r
                0x000000000800db80        0x8 /opt/st/stm32cubeide_1.13.2/plugins/com.st.stm32cube.ide.mcu.externaltools.gnu-tools-for-stm32.11.3.rel1.linux64_1.1.1.202309131626/tools/bin/../lib/gcc/arm-none-eabi/11.3.1/../../../../arm-none-eabi/lib/thumb/v6-m/nofp/libc_nano.a(libc_a-signalr.o)
                0x000000000800db80                _getpid_r
 .text.__swhatbuf_r
                0x000000000800db88       0x50 /opt/st/stm32cubeide_1.13.2/plugins/com.st.stm32cube.ide.mcu.externaltools.gnu-tools-for-stm32.11.3.rel1.linux64_1.1.1.202309131626/tools/bin/../lib/gcc/arm-none-eabi/11.3.1/../../../../arm-none-eabi/lib/thumb/v6-m/nofp/libc_nano.a(libc_a-makebuf.o)
                0x000000000800db88                __swhatbuf_r
 .text.__smakebuf_r
                0x000000000800dbd8       0x7c /opt/st/stm32cubeide_1.13.2/plugins/com.st.stm32cube.ide.mcu.externaltools.gnu-tools-for-stm32.11.3.rel1.linux64_1.1.1.202309131626/tools/bin/../lib/gcc/arm-none-eabi/11.3.1/../../../../arm-none-eabi/lib/thumb/v6-m/nofp/libc_nano.a(libc_a-makebuf.o)
                0x000000000800dbd8                __smakebuf_r
 .text._fstat_r
                0x000000000800dc54       0x24 /opt/st/stm32cubeide_1.13.2/plugins/com.st.stm32cube.ide.mcu.externaltools.gnu-tools-for-stm32.11.3.rel1.linux64_1.1.1.202309131626/tools/bin/../lib/gcc/arm-none-eabi/11.3.1/../../../../arm-none-eabi/lib/thumb/v6-m/nofp/libc_nano.a(libc_a-fstatr.o)
                0x000000000800dc54                _fstat_r
 .text._isatty_r
                0x000000000800dc78       0x24 /opt/st/stm32cubeide_1.13.2/plugins/com.st.stm32cube.ide.mcu.externaltools.gnu-tools-for-stm32.11.3.rel1.linux64_1.1.1.202309131626/tools/bin/../lib/gcc/arm-none-eabi/11.3.1/../../../../arm-none-eabi/lib/thumb/v6-m/nofp/libc_nano.a(libc_a-isattyr.o)
                0x000000000800dc78                _isatty_r
 *(.glue_7)
 .glue_7        0x000000000800dc9c        0x0 linker stubs
 *(.glue_7t)
 .glue_7t       0x000000000800dc9c        0x0 linker stubs
 *(.eh_frame)
 .eh_frame      0x000000000800dc9c        0x0 /opt/st/stm32cubeide_1.13.2/plugins/com.st.stm32cube.ide.mcu.externaltools.gnu-tools-for-stm32.11.3.rel1.linux64_1.1.1.202309131626/tools/bin/../lib/gcc/arm-none-eabi/11.3.1/thumb/v6-m/nofp/crtbegin.o
 *(.init)
 .init          0x000000000800dc9c        0x4 /opt/st/stm32cubeide_1.13.2/plugins/com.st.stm32cube.ide.mcu.externaltools.gnu-tools-for-stm32.11.3.rel1.linux64_1.1.1.202309131626/tools/bin/../lib/gcc/arm-none-eabi/11.3.1/thumb/v6-m/nofp/crti.o
                0x000000000800dc9c                _init
 .init          0x000000000800dca0        0x8 /opt/st/stm32cubeide_1.13.2/plugins/com.st.stm32cube.ide.mcu.externaltools.gnu-tools-for-stm32.11.3.rel1.linux64_1.1.1.202309131626/tools/bin/../lib/gcc/arm-none-eabi/11.3.1/thumb/v6-m/nofp/crtn.o
 *(.fini)
 .fini          0x000000000800dca8        0x4 /opt/st/stm32cubeide_1.13.2/plugins/com.st.stm32cube.ide.mcu.externaltools.gnu-tools-for-stm32.11.3.rel1.linux64_1.1.1.202309131626/tools/bin/../lib/gcc/arm-none-eabi/11.3.1/thumb/v6-m/nofp/crti.o
                0x000000000800dca8                _fini
 .fini          0x000000000800dcac        0x8 /opt/st/stm32cubeide_1.13.2/plugins/com.st.stm32cube.ide.mcu.externaltools.gnu-tools-for-stm32.11.3.rel1.linux64_1.1.1.202309131626/tools/bin/../lib/gcc/arm-none-eabi/11.3.1/thumb/v6-m/nofp/crtn.o
                0x000000000800dcb4                . = ALIGN (0x4)
                0x000000000800dcb4                _etext = .

.vfp11_veneer   0x000000000800dcb4        0x0
 .vfp11_veneer  0x000000000800dcb4        0x0 linker stubs

.v4_bx          0x000000000800dcb4        0x0
 .v4_bx         0x000000000800dcb4        0x0 linker stubs

.iplt           0x000000000800dcb4        0x0
 .iplt          0x000000000800dcb4        0x0 /opt/st/stm32cubeide_1.13.2/plugins/com.st.stm32cube.ide.mcu.externaltools.gnu-tools-for-stm32.11.3.rel1.linux64_1.1.1.202309131626/tools/bin/../lib/gcc/arm-none-eabi/11.3.1/thumb/v6-m/nofp/crtbegin.o

.rodata         0x000000000800dcb8      0x5c8
                0x000000000800dcb8                . = ALIGN (0x4)
 *(.rodata)
 .rodata        0x000000000800dcb8       0x6d ./Core/Src/main.o
 *fill*         0x000000000800dd25        0x3 
 .rodata        0x000000000800dd28       0x80 /opt/st/stm32cubeide_1.13.2/plugins/com.st.stm32cube.ide.mcu.externaltools.gnu-tools-for-stm32.11.3.rel1.linux64_1.1.1.202309131626/tools/bin/../lib/gcc/arm-none-eabi/11.3.1/thumb/v6-m/nofp/libgcc.a(divsf3.o)
 .rodata        0x000000000800dda8       0x40 /opt/st/stm32cubeide_1.13.2/plugins/com.st.stm32cube.ide.mcu.externaltools.gnu-tools-for-stm32.11.3.rel1.linux64_1.1.1.202309131626/tools/bin/../lib/gcc/arm-none-eabi/11.3.1/thumb/v6-m/nofp/libgcc.a(divdf3.o)
 *(.rodata*)
 .rodata.AHBPrescTable
                0x000000000800dde8       0x10 ./Core/Src/system_stm32l0xx.o
                0x000000000800dde8                AHBPrescTable
 .rodata.APBPrescTable
                0x000000000800ddf8        0x8 ./Core/Src/system_stm32l0xx.o
                0x000000000800ddf8                APBPrescTable
 .rodata.PLLMulTable
                0x000000000800de00        0x9 ./Core/Src/system_stm32l0xx.o
                0x000000000800de00                PLLMulTable
 *fill*         0x000000000800de09        0x3 
 .rodata.UART_SetConfig
                0x000000000800de0c       0x48 ./Drivers/STM32L0xx_HAL_Driver/Src/stm32l0xx_hal_uart.o
 .rodata._ctype_
                0x000000000800de54      0x101 /opt/st/stm32cubeide_1.13.2/plugins/com.st.stm32cube.ide.mcu.externaltools.gnu-tools-for-stm32.11.3.rel1.linux64_1.1.1.202309131626/tools/bin/../lib/gcc/arm-none-eabi/11.3.1/../../../../arm-none-eabi/lib/thumb/v6-m/nofp/libc_nano.a(libc_a-ctype_.o)
                0x000000000800de54                _ctype_
 .rodata._printf_float.str1.1
                0x000000000800df55       0x12 /opt/st/stm32cubeide_1.13.2/plugins/com.st.stm32cube.ide.mcu.externaltools.gnu-tools-for-stm32.11.3.rel1.linux64_1.1.1.202309131626/tools/bin/../lib/gcc/arm-none-eabi/11.3.1/../../../../arm-none-eabi/lib/thumb/v6-m/nofp/libc_nano.a(libc_a-nano-vfprintf_float.o)
 .rodata._printf_i.str1.1
                0x000000000800df67       0x22 /opt/st/stm32cubeide_1.13.2/plugins/com.st.stm32cube.ide.mcu.externaltools.gnu-tools-for-stm32.11.3.rel1.linux64_1.1.1.202309131626/tools/bin/../lib/gcc/arm-none-eabi/11.3.1/../../../../arm-none-eabi/lib/thumb/v6-m/nofp/libc_nano.a(libc_a-nano-vfprintf_i.o)
 .rodata._scanf_float.str1.1
                0x000000000800df89        0x5 /opt/st/stm32cubeide_1.13.2/plugins/com.st.stm32cube.ide.mcu.externaltools.gnu-tools-for-stm32.11.3.rel1.linux64_1.1.1.202309131626/tools/bin/../lib/gcc/arm-none-eabi/11.3.1/../../../../arm-none-eabi/lib/thumb/v6-m/nofp/libc_nano.a(libc_a-nano-vfscanf_float.o)
                                          0x6 (size before relaxing)
 .rodata._dtoa_r.str1.1
                0x000000000800df8e       0x8d /opt/st/stm32cubeide_1.13.2/plugins/com.st.stm32cube.ide.mcu.externaltools.gnu-tools-for-stm32.11.3.rel1.linux64_1.1.1.202309131626/tools/bin/../lib/gcc/arm-none-eabi/11.3.1/../../../../arm-none-eabi/lib/thumb/v6-m/nofp/libc_nano.a(libc_a-dtoa.o)
                                         0x8f (size before relaxing)
 .rodata._Balloc.str1.1
                0x000000000800e01b       0x59 /opt/st/stm32cubeide_1.13.2/plugins/com.st.stm32cube.ide.mcu.externaltools.gnu-tools-for-stm32.11.3.rel1.linux64_1.1.1.202309131626/tools/bin/../lib/gcc/arm-none-eabi/11.3.1/../../../../arm-none-eabi/lib/thumb/v6-m/nofp/libc_nano.a(libc_a-mprec.o)
                                         0x70 (size before relaxing)
 .rodata.__multadd.str1.1
                0x000000000800e074       0x11 /opt/st/stm32cubeide_1.13.2/plugins/com.st.stm32cube.ide.mcu.externaltools.gnu-tools-for-stm32.11.3.rel1.linux64_1.1.1.202309131626/tools/bin/../lib/gcc/arm-none-eabi/11.3.1/../../../../arm-none-eabi/lib/thumb/v6-m/nofp/libc_nano.a(libc_a-mprec.o)
 *fill*         0x000000000800e074        0x4 
 .rodata.__mprec_bigtens
                0x000000000800e078       0x28 /opt/st/stm32cubeide_1.13.2/plugins/com.st.stm32cube.ide.mcu.externaltools.gnu-tools-for-stm32.11.3.rel1.linux64_1.1.1.202309131626/tools/bin/../lib/gcc/arm-none-eabi/11.3.1/../../../../arm-none-eabi/lib/thumb/v6-m/nofp/libc_nano.a(libc_a-mprec.o)
                0x000000000800e078                __mprec_bigtens
 .rodata.__mprec_tens
                0x000000000800e0a0       0xc8 /opt/st/stm32cubeide_1.13.2/plugins/com.st.stm32cube.ide.mcu.externaltools.gnu-tools-for-stm32.11.3.rel1.linux64_1.1.1.202309131626/tools/bin/../lib/gcc/arm-none-eabi/11.3.1/../../../../arm-none-eabi/lib/thumb/v6-m/nofp/libc_nano.a(libc_a-mprec.o)
                0x000000000800e0a0                __mprec_tens
 .rodata.p05.0  0x000000000800e168        0xc /opt/st/stm32cubeide_1.13.2/plugins/com.st.stm32cube.ide.mcu.externaltools.gnu-tools-for-stm32.11.3.rel1.linux64_1.1.1.202309131626/tools/bin/../lib/gcc/arm-none-eabi/11.3.1/../../../../arm-none-eabi/lib/thumb/v6-m/nofp/libc_nano.a(libc_a-mprec.o)
 .rodata._strtod_l.str1.1
                0x000000000800e174        0x2 /opt/st/stm32cubeide_1.13.2/plugins/com.st.stm32cube.ide.mcu.externaltools.gnu-tools-for-stm32.11.3.rel1.linux64_1.1.1.202309131626/tools/bin/../lib/gcc/arm-none-eabi/11.3.1/../../../../arm-none-eabi/lib/thumb/v6-m/nofp/libc_nano.a(libc_a-strtod.o)
                                          0xf (size before relaxing)
 *fill*         0x000000000800e176        0x2 
 .rodata.fpi.1  0x000000000800e178       0x14 /opt/st/stm32cubeide_1.13.2/plugins/com.st.stm32cube.ide.mcu.externaltools.gnu-tools-for-stm32.11.3.rel1.linux64_1.1.1.202309131626/tools/bin/../lib/gcc/arm-none-eabi/11.3.1/../../../../arm-none-eabi/lib/thumb/v6-m/nofp/libc_nano.a(libc_a-strtod.o)
 .rodata.fpinan.0
                0x000000000800e18c       0x14 /opt/st/stm32cubeide_1.13.2/plugins/com.st.stm32cube.ide.mcu.externaltools.gnu-tools-for-stm32.11.3.rel1.linux64_1.1.1.202309131626/tools/bin/../lib/gcc/arm-none-eabi/11.3.1/../../../../arm-none-eabi/lib/thumb/v6-m/nofp/libc_nano.a(libc_a-strtod.o)
 .rodata.tinytens
                0x000000000800e1a0       0x28 /opt/st/stm32cubeide_1.13.2/plugins/com.st.stm32cube.ide.mcu.externaltools.gnu-tools-for-stm32.11.3.rel1.linux64_1.1.1.202309131626/tools/bin/../lib/gcc/arm-none-eabi/11.3.1/../../../../arm-none-eabi/lib/thumb/v6-m/nofp/libc_nano.a(libc_a-strtod.o)
 .rodata._svfprintf_r.str1.1
                0x000000000800e1c8       0x11 /opt/st/stm32cubeide_1.13.2/plugins/com.st.stm32cube.ide.mcu.externaltools.gnu-tools-for-stm32.11.3.rel1.linux64_1.1.1.202309131626/tools/bin/../lib/gcc/arm-none-eabi/11.3.1/../../../../arm-none-eabi/lib/thumb/v6-m/nofp/libc_nano.a(libc_a-nano-svfprintf.o)
 .rodata._setlocale_r.str1.1
                0x000000000800e1d9        0x8 /opt/st/stm32cubeide_1.13.2/plugins/com.st.stm32cube.ide.mcu.externaltools.gnu-tools-for-stm32.11.3.rel1.linux64_1.1.1.202309131626/tools/bin/../lib/gcc/arm-none-eabi/11.3.1/../../../../arm-none-eabi/lib/thumb/v6-m/nofp/libc_nano.a(libc_a-locale.o)
                                          0x9 (size before relaxing)
 .rodata.str1.1
                0x000000000800e1e1        0x2 /opt/st/stm32cubeide_1.13.2/plugins/com.st.stm32cube.ide.mcu.externaltools.gnu-tools-for-stm32.11.3.rel1.linux64_1.1.1.202309131626/tools/bin/../lib/gcc/arm-none-eabi/11.3.1/../../../../arm-none-eabi/lib/thumb/v6-m/nofp/libc_nano.a(libc_a-locale.o)
 .rodata.__assert_func.str1.1
                0x000000000800e1e1       0x3c /opt/st/stm32cubeide_1.13.2/plugins/com.st.stm32cube.ide.mcu.externaltools.gnu-tools-for-stm32.11.3.rel1.linux64_1.1.1.202309131626/tools/bin/../lib/gcc/arm-none-eabi/11.3.1/../../../../arm-none-eabi/lib/thumb/v6-m/nofp/libc_nano.a(libc_a-assert.o)
                                         0x3d (size before relaxing)
 .rodata.__gethex.str1.1
                0x000000000800e21d       0x60 /opt/st/stm32cubeide_1.13.2/plugins/com.st.stm32cube.ide.mcu.externaltools.gnu-tools-for-stm32.11.3.rel1.linux64_1.1.1.202309131626/tools/bin/../lib/gcc/arm-none-eabi/11.3.1/../../../../arm-none-eabi/lib/thumb/v6-m/nofp/libc_nano.a(libc_a-gdtoa-gethex.o)
                                         0x73 (size before relaxing)
 .rodata._vfprintf_r.str1.1
                0x000000000800e27d       0x11 /opt/st/stm32cubeide_1.13.2/plugins/com.st.stm32cube.ide.mcu.externaltools.gnu-tools-for-stm32.11.3.rel1.linux64_1.1.1.202309131626/tools/bin/../lib/gcc/arm-none-eabi/11.3.1/../../../../arm-none-eabi/lib/thumb/v6-m/nofp/libc_nano.a(libc_a-nano-vfprintf.o)
                0x000000000800e290                . = ALIGN (0x4)
 *fill*         0x000000000800e27d        0x3 

.ARM.extab      0x000000000800e280        0x0
                0x000000000800e280                . = ALIGN (0x4)
 *(.ARM.extab* .gnu.linkonce.armextab.*)
                0x000000000800e280                . = ALIGN (0x4)

.ARM            0x000000000800e280        0x8
                0x000000000800e280                . = ALIGN (0x4)
                0x000000000800e280                __exidx_start = .
 *(.ARM.exidx*)
 .ARM.exidx     0x000000000800e280        0x8 /opt/st/stm32cubeide_1.13.2/plugins/com.st.stm32cube.ide.mcu.externaltools.gnu-tools-for-stm32.11.3.rel1.linux64_1.1.1.202309131626/tools/bin/../lib/gcc/arm-none-eabi/11.3.1/thumb/v6-m/nofp/libgcc.a(_udivmoddi4.o)
                0x000000000800e288                __exidx_end = .
                0x000000000800e288                . = ALIGN (0x4)

.rel.dyn        0x000000000800e288        0x0
 .rel.iplt      0x000000000800e288        0x0 /opt/st/stm32cubeide_1.13.2/plugins/com.st.stm32cube.ide.mcu.externaltools.gnu-tools-for-stm32.11.3.rel1.linux64_1.1.1.202309131626/tools/bin/../lib/gcc/arm-none-eabi/11.3.1/thumb/v6-m/nofp/crtbegin.o

.preinit_array  0x000000000800e288        0x0