../Core/Src/stm32l0xx_hal_msp.c:64:6:HAL_MspInit	8	static
../Core/Src/stm32l0xx_hal_msp.c:86:6:HAL_ADC_MspInit	48	static
../Core/Src/stm32l0xx_hal_msp.c:119:6:HAL_ADC_MspDeInit	16	static
../Core/Src/stm32l0xx_hal_msp.c:147:6:HAL_TIM_IC_MspInit	48	static
../Core/Src/stm32l0xx_hal_msp.c:185:6:HAL_TIM_Base_MspInit	16	static
../Core/Src/stm32l0xx_hal_msp.c:210:6:HAL_TIM_IC_MspDeInit	16	static
../Core/Src/stm32l0xx_hal_msp.c:240:6:HAL_TIM_Base_MspDeInit	16	static
../Core/Src/stm32l0xx_hal_msp.c:265:6:HAL_UART_MspInit	56	static
../Core/Src/stm32l0xx_hal_msp.c:331:6:HAL_UART_MspDeInit	16	static
